Loading composer repositories with package information
Dependency guzzlehttp/guzzle is also a root requirement. Package has not been listed as an update argument, so keeping locked at old version. Use --with-all-dependencies (-W) to include root dependencies.
Updating dependencies
Lock file operations: 5 installs, 50 updates, 0 removals
  - Upgrading filp/whoops (2.16.0 => 2.18.6)
  - Upgrading laravel/framework (v11.31.0 => v12.69.3)
  - Upgrading laravel/sail (v1.38.0 => v1.68.0)
  - Upgrading laravel/sanctum (v4.0.3 => v4.3.3)
  - Upgrading laravel/tinker (v2.10.0 => v2.11.1)
  - Upgrading laravel/ui (v4.5.2 => v4.6.3)
  - Locking league/uri (7.8.1)
  - Locking league/uri-interfaces (7.8.1)
  - Upgrading myclabs/deep-copy (1.12.1 => 1.14.0)
  - Upgrading nikic/php-parser (v5.3.1 => v5.9.0)
  - Upgrading nunomaduro/collision (v8.5.0 => v8.9.5)
  - Upgrading nunomaduro/termwind (v2.2.0 => v2.4.0)
  - Upgrading phpunit/php-code-coverage (10.1.16 => 11.0.12)
  - Upgrading phpunit/php-file-iterator (4.1.0 => 5.1.1)
  - Upgrading phpunit/php-invoker (4.0.0 => 5.0.1)
  - Upgrading phpunit/php-text-template (3.0.1 => 4.0.1)
  - Upgrading phpunit/php-timer (6.0.0 => 7.0.1)
  - Upgrading phpunit/phpunit (10.5.38 => 11.5.57)
  - Upgrading sebastian/cli-parser (2.0.1 => 3.0.2)
  - Upgrading sebastian/code-unit (2.0.0 => 3.0.3)
  - Upgrading sebastian/code-unit-reverse-lookup (3.0.0 => 4.0.1)
  - Upgrading sebastian/comparator (5.0.3 => 6.3.3)
  - Upgrading sebastian/complexity (3.2.0 => 4.0.1)
  - Upgrading sebastian/diff (5.1.1 => 6.0.2)
  - Upgrading sebastian/environment (6.1.0 => 7.2.1)
  - Upgrading sebastian/exporter (5.1.2 => 6.3.2)
  - Upgrading sebastian/global-state (6.0.2 => 7.0.2)
  - Upgrading sebastian/lines-of-code (2.0.2 => 3.0.1)
  - Upgrading sebastian/object-enumerator (5.0.0 => 6.0.1)
  - Upgrading sebastian/object-reflector (3.0.0 => 4.0.1)
  - Upgrading sebastian/recursion-context (5.0.0 => 6.0.3)
  - Upgrading sebastian/type (4.0.0 => 5.1.3)
  - Upgrading sebastian/version (4.0.1 => 5.0.2)
  - Upgrading spatie/backtrace (1.6.2 => 1.8.2)
  - Upgrading spatie/error-solutions (1.1.1 => 1.1.3)
  - Upgrading spatie/flare-client-php (1.8.0 => 1.11.1)
  - Upgrading spatie/ignition (1.15.0 => 1.16.0)
  - Upgrading spatie/laravel-ignition (2.8.0 => 2.12.0)
  - Locking staabm/side-effects-detector (1.0.5)
  - Upgrading symfony/console (v7.1.7 => v7.4.20)
  - Upgrading symfony/error-handler (v7.1.7 => v7.4.20)
  - Upgrading symfony/event-dispatcher (v7.1.6 => v7.4.17)
  - Upgrading symfony/finder (v7.1.6 => v7.4.20)
  - Upgrading symfony/http-kernel (v7.1.7 => v7.4.20)
  - Upgrading symfony/polyfill-intl-grapheme (v1.31.0 => v1.43.0)
  - Upgrading symfony/polyfill-php83 (v1.31.0 => v1.43.0)
  - Locking symfony/polyfill-php84 (v1.43.0)
  - Locking symfony/polyfill-php85 (v1.43.0)
  - Upgrading symfony/process (v7.1.7 => v7.4.19)
  - Upgrading symfony/string (v7.1.6 => v7.4.19)
  - Upgrading symfony/uid (v7.1.6 => v7.4.20)
  - Upgrading symfony/var-dumper (v7.1.7 => v7.4.18)
  - Upgrading symfony/yaml (v7.1.6 => v7.4.20)
  - Upgrading theseer/tokenizer (1.2.3 => 1.3.1)
  - Upgrading voku/portable-ascii (2.0.1 => 2.1.1)
6 package suggestions were added by new dependencies, use `composer suggest` to see details.
No security vulnerability advisories found.
