TEST isolato: /private/tmp/schedine-test-05t_j05h; database=test_geo_ebe1174a43452185150d3ea40770c69b; MySQL pid=60810, porta=55185; HTTP pid=60817, porta=55186
PASS: identità processi/DB/HTTP, riconnessione e 23 rifiuti di override prima delle migrazioni.
PASS: build asset e verifica GEO immutabile nel checkout temporaneo.
PHPUnit 10.5.38 by Sebastian Bergmann and contributors.

Runtime:       PHP 8.3.33
Configuration: /private/tmp/schedine-test-05t_j05h/checkout/phpunit.xml

..                                                                  2 / 2 (100%)

Time: 00:09.175, Memory: 50.50 MB

OK (2 tests, 16 assertions)
PASS SOAP 200 and positive body never prove acceptance; no token/body leaves service
PASS verification is unknown and retains Test operation
PASS external constructor exception is contained
PASS SOAP call exceptions do not escape with their chain
PASS negative provider text is replaced with a fixed message
PASS simulation makes no SOAP calls and is never accepted
PASS nested and unexpected fields discarded; caller acceptance ignored
PASS allowed slots cannot carry arrays objects or arbitrary strings
PASS historical success never becomes accepted; history not rewritten
PASS receipt and tables cannot expose or persist unvalidated bodies
PASS actual persistence boundary projects injected provider material
PASS legacy handler aborts before any DB or storage dependency
PASS controller has no confirmed-send mutation for simulation or attempts
PASS view never presents legacy provider messages or success as acceptance
14 safety checks passed; in-memory doubles only

Running 3 tests using 1 worker

  ✓  1 tests/Feature/dependency-public-assets.playwright.spec.js:3:1 › Swiper: scorrimento e regressione prototype pollution (1.9s)
  ✓  2 tests/Feature/dependency-public-assets.playwright.spec.js:16:1 › ECharts: grafico e tooltip con etichetta HTML sintetica (1.1s)
  ✓  3 tests/Feature/dependency-public-assets.playwright.spec.js:26:1 › Quill: editor, formattazione e incolla senza handler HTML (1.1s)

  3 passed (6.8s)
Risorse temporanee fermate e rimosse: /private/tmp/schedine-test-05t_j05h
