TEST isolato: /private/tmp/schedine-test-zcaxovdd; database=test_geo_9419beace2ec3e8af90a544949bb4ad3; MySQL pid=88902, porta=62354; HTTP pid=88909, porta=62355
PASS: identità processi/DB/HTTP, riconnessione e 23 rifiuti di override prima delle migrazioni.
PASS: build asset e verifica GEO immutabile nel checkout temporaneo.
PASS SOAP 200 and positive body never prove acceptance; no token/body leaves service
PASS verification is unknown and retains Test operation
PASS external constructor exception is contained
PASS SOAP call exceptions do not escape with their chain
PASS negative provider text is replaced with a fixed message
PASS simulation makes no SOAP calls and is never accepted
PASS nested and unexpected fields discarded; caller acceptance ignored
PASS allowed slots cannot carry arrays objects or arbitrary strings
PASS historical success never becomes accepted; history not rewritten
PASS receipt and tables cannot expose or persist unvalidated bodies
PASS actual persistence boundary projects injected provider material
PASS legacy handler aborts before any DB or storage dependency
PASS controller has no confirmed-send mutation for simulation or attempts
PASS view never presents legacy provider messages or success as acceptance
14 safety checks passed; in-memory doubles only
Fixture Tassa sintetiche create esclusivamente nel database effimero.
Fixture anteprime sintetiche create esclusivamente nel database effimero.

Running 5 tests using 1 worker

  ✓  1 tests/Feature/account-session.playwright.spec.js:14:1 › A14: token precedente alla disattivazione rifiutato dal modulo reale (3.9s)
  ✓  2 tests/Feature/account-session.playwright.spec.js:28:1 › A15: POST Arrivi da sessione Chromium rifiuta cliente esterno e accetta quello proprio (2.3s)
  ✓  3 tests/Feature/account-session.playwright.spec.js:46:2 › A12/A13: cookie Ricordami rifiutato dopo ricordami-disattivo (3.9s)
  ✓  4 tests/Feature/account-session.playwright.spec.js:46:2 › A12/A13: cookie Ricordami rifiutato dopo ricordami-reset (4.1s)
  ✓  5 tests/Feature/account-session.playwright.spec.js:72:1 › A13: recupero valido revoca sessione precedente e mantiene quella nuova (4.2s)

  5 passed (19.6s)
Risorse temporanee fermate e rimosse: /private/tmp/schedine-test-zcaxovdd
