Loading composer repositories with package information
Updating dependencies
Lock file operations: 0 installs, 1 update, 0 removals
  - Upgrading symfony/yaml (v7.1.6 => v8.1.8)
Writing lock file
Installing dependencies from lock file (including require-dev)
Package operations: 0 installs, 1 update, 0 removals
  - Downloading symfony/yaml (v8.1.8)
  - Upgrading symfony/yaml (v7.1.6 => v8.1.8): Extracting archive
Generating optimized autoload files
Class SoapClient located in ./tests/Safety/questura_security.php does not comply with psr-4 autoloading standard (rule: Tests\ => ./tests). Skipping.
Class FakeSoapClient located in ./tests/Safety/questura_security.php does not comply with psr-4 autoloading standard (rule: Tests\ => ./tests). Skipping.
Class Carbon\Carbon located in ./tests/Safety/questura_security.php does not comply with psr-4 autoloading standard (rule: Tests\ => ./tests). Skipping.
Class Illuminate\Http\Request located in ./tests/Safety/questura_security.php does not comply with psr-4 autoloading standard (rule: Tests\ => ./tests). Skipping.
Class App\Http\Controllers\Controller located in ./tests/Safety/questura_security.php does not comply with psr-4 autoloading standard (rule: Tests\ => ./tests). Skipping.
Class App\Models\Struttura located in ./tests/Safety/questura_security.php does not comply with psr-4 autoloading standard (rule: Tests\ => ./tests). Skipping.
Class App\Models\QuesturaTransmission located in ./tests/Safety/questura_security.php does not comply with psr-4 autoloading standard (rule: Tests\ => ./tests). Skipping.
Class App\Services\QuesturaTxtExportService located in ./tests/Safety/questura_security.php does not comply with psr-4 autoloading standard (rule: Tests\ => ./tests). Skipping.
Class App\Services\QuesturaRetentionService located in ./tests/Safety/questura_security.php does not comply with psr-4 autoloading standard (rule: Tests\ => ./tests). Skipping.
Class App\Models\Struttura located in ./tests/Safety/istat_security.php does not comply with psr-4 autoloading standard (rule: Tests\ => ./tests). Skipping.
Class Carbon\Carbon located in ./tests/Safety/istat_security.php does not comply with psr-4 autoloading standard (rule: Tests\ => ./tests). Skipping.
Class App\Services\IstatTabellaAService located in ./tests/Safety/istat_security.php does not comply with psr-4 autoloading standard (rule: Tests\ => ./tests). Skipping.
Class Illuminate\Support\Facades\Http located in ./tests/Safety/istat_security.php does not comply with psr-4 autoloading standard (rule: Tests\ => ./tests). Skipping.
Class Tests\Feature\WebCheckinShortLinkTest located in ./tests/Diagnostics/token-precontratto-2026-10-09/WebCheckinShortLinkTest.php does not comply with psr-4 autoloading standard (rule: Tests\ => ./tests). Skipping.
Class Tests\Feature\CestinoSecurityTest located in ./tests/Diagnostics/token-precontratto-2026-10-09/CestinoSecurityTest.php does not comply with psr-4 autoloading standard (rule: Tests\ => ./tests). Skipping.
Class Tests\Feature\WebCheckinParentSecurityTest located in ./tests/Diagnostics/token-precontratto-2026-10-09/WebCheckinParentSecurityTest.php does not comply with psr-4 autoloading standard (rule: Tests\ => ./tests). Skipping.
Class Tests\Feature\WebCheckinGroupAtomicityTest located in ./tests/Diagnostics/token-precontratto-2026-10-09/WebCheckinGroupAtomicityTest.php does not comply with psr-4 autoloading standard (rule: Tests\ => ./tests). Skipping.
Class Tests\Feature\WebCheckinCameraIsolationTest located in ./tests/Diagnostics/token-precontratto-2026-10-09/WebCheckinCameraIsolationTest.php does not comply with psr-4 autoloading standard (rule: Tests\ => ./tests). Skipping.
Class Tests\Feature\WebCheckinFiscalContextTest located in ./tests/Diagnostics/token-precontratto-2026-10-09/WebCheckinFiscalContextTest.php does not comply with psr-4 autoloading standard (rule: Tests\ => ./tests). Skipping.
91 packages you are using are looking for funding.
Use the `composer fund` command to find out more!
No security vulnerability advisories found.
