Loading composer repositories with package information
Updating dependencies
Lock file operations: 0 installs, 3 updates, 0 removals
  - Downgrading symfony/event-dispatcher (v8.1.5 => v7.4.17)
  - Downgrading symfony/string (v8.1.7 => v7.4.19)
  - Downgrading symfony/yaml (v8.1.8 => v7.4.20)
Writing lock file
Installing dependencies from lock file (including require-dev)
Package operations: 0 installs, 3 updates, 0 removals
  - Downloading symfony/yaml (v7.4.20)
 0/1 [>---------------------------]   0%
 1/1 [============================] 100%
  - Downgrading symfony/string (v8.1.7 => v7.4.19): Extracting archive
  - Downgrading symfony/yaml (v8.1.8 => v7.4.20): Extracting archive
  - Downgrading symfony/event-dispatcher (v8.1.5 => v7.4.17): Extracting archive
 0/3 [>---------------------------]   0%
 3/3 [============================] 100%
Generating optimized autoload files
Class SoapClient located in ./tests/Safety/questura_security.php does not comply with psr-4 autoloading standard (rule: Tests\ => ./tests). Skipping.
Class FakeSoapClient located in ./tests/Safety/questura_security.php does not comply with psr-4 autoloading standard (rule: Tests\ => ./tests). Skipping.
Class Carbon\Carbon located in ./tests/Safety/questura_security.php does not comply with psr-4 autoloading standard (rule: Tests\ => ./tests). Skipping.
Class Illuminate\Http\Request located in ./tests/Safety/questura_security.php does not comply with psr-4 autoloading standard (rule: Tests\ => ./tests). Skipping.
Class App\Http\Controllers\Controller located in ./tests/Safety/questura_security.php does not comply with psr-4 autoloading standard (rule: Tests\ => ./tests). Skipping.
Class App\Models\Struttura located in ./tests/Safety/questura_security.php does not comply with psr-4 autoloading standard (rule: Tests\ => ./tests). Skipping.
Class App\Models\QuesturaTransmission located in ./tests/Safety/questura_security.php does not comply with psr-4 autoloading standard (rule: Tests\ => ./tests). Skipping.
Class App\Services\QuesturaTxtExportService located in ./tests/Safety/questura_security.php does not comply with psr-4 autoloading standard (rule: Tests\ => ./tests). Skipping.
Class App\Services\QuesturaRetentionService located in ./tests/Safety/questura_security.php does not comply with psr-4 autoloading standard (rule: Tests\ => ./tests). Skipping.
Class App\Models\Struttura located in ./tests/Safety/istat_security.php does not comply with psr-4 autoloading standard (rule: Tests\ => ./tests). Skipping.
Class Carbon\Carbon located in ./tests/Safety/istat_security.php does not comply with psr-4 autoloading standard (rule: Tests\ => ./tests). Skipping.
Class App\Services\IstatTabellaAService located in ./tests/Safety/istat_security.php does not comply with psr-4 autoloading standard (rule: Tests\ => ./tests). Skipping.
Class Illuminate\Support\Facades\Http located in ./tests/Safety/istat_security.php does not comply with psr-4 autoloading standard (rule: Tests\ => ./tests). Skipping.
Class Tests\Feature\WebCheckinShortLinkTest located in ./tests/Diagnostics/token-precontratto-2026-10-09/WebCheckinShortLinkTest.php does not comply with psr-4 autoloading standard (rule: Tests\ => ./tests). Skipping.
Class Tests\Feature\CestinoSecurityTest located in ./tests/Diagnostics/token-precontratto-2026-10-09/CestinoSecurityTest.php does not comply with psr-4 autoloading standard (rule: Tests\ => ./tests). Skipping.
Class Tests\Feature\WebCheckinParentSecurityTest located in ./tests/Diagnostics/token-precontratto-2026-10-09/WebCheckinParentSecurityTest.php does not comply with psr-4 autoloading standard (rule: Tests\ => ./tests). Skipping.
Class Tests\Feature\WebCheckinGroupAtomicityTest located in ./tests/Diagnostics/token-precontratto-2026-10-09/WebCheckinGroupAtomicityTest.php does not comply with psr-4 autoloading standard (rule: Tests\ => ./tests). Skipping.
Class Tests\Feature\WebCheckinCameraIsolationTest located in ./tests/Diagnostics/token-precontratto-2026-10-09/WebCheckinCameraIsolationTest.php does not comply with psr-4 autoloading standard (rule: Tests\ => ./tests). Skipping.
Class Tests\Feature\WebCheckinFiscalContextTest located in ./tests/Diagnostics/token-precontratto-2026-10-09/WebCheckinFiscalContextTest.php does not comply with psr-4 autoloading standard (rule: Tests\ => ./tests). Skipping.
91 packages you are using are looking for funding.
Use the `composer fund` command to find out more!
No security vulnerability advisories found.
