TEST isolato: /private/tmp/schedine-test-ircd2tlg; database=test_geo_e87b62a2e294cd93bfb05ef5c6ab9b5b; MySQL pid=3842, porta=62977; HTTP pid=3849, porta=62978
PASS: identità processi/DB/HTTP, riconnessione e 23 rifiuti di override prima delle migrazioni.
PASS: build asset e verifica GEO immutabile nel checkout temporaneo.
PHPUnit 11.5.57 by Sebastian Bergmann and contributors.

Runtime:       PHP 8.3.33
Configuration: /private/tmp/schedine-test-ircd2tlg/checkout/phpunit.xml

..........EEEEEE\nP1-A {"input":"31\/02\/2026","status":"NON_IMPORTABILE","date_preview":"31\/02\/2026","payload_date":null,"valid_count":0}
\nP1-A {"input":"29\/02\/2025","status":"NON_IMPORTABILE","date_preview":"29\/02\/2025","payload_date":null,"valid_count":0}
\nP1-A {"input":"12-31-1980","status":"NON_IMPORTABILE","date_preview":"12-31-1980","payload_date":null,"valid_count":0}
.\nP1-B {"status":"ERRORE","valid_count":0,"payloads":[]}
...
Conteggi preview/conferma {"stati":["DA_COMPLETARE"],"confirmable_rows":1,"valid_count":1,"payload_count":1}

Conteggi preview/conferma {"stati":["COMPLETO","DA_VERIFICARE","DA_COMPLETARE","NON_IMPORTABILE","ERRORE"],"confirmable_rows":3,"valid_count":3,"payload_count":3}
...........................................  63 / 750 (  8%)
............................................................... 126 / 750 ( 16%)
............................................................\nA14 {"attivo":false,"reset_status":302,"autenticato":false,"access_status":302}\n... 189 / 750 ( 25%)
.\nA15 {"status":422,"collegamenti_cross_tenant":0}\n.\nA15 {"status":422,"collegamenti_cross_tenant":0}\n.\nA15 {"status":422,"collegamenti_cross_tenant":0}\n.\nA15 {"status":422,"collegamenti_cross_tenant":0}\n.\nA15 {"status":422,"collegamenti_cross_tenant":0}\n.......................................................... 252 / 750 ( 33%)
............................................................... 315 / 750 ( 42%)
............................................................... 378 / 750 ( 50%)
............................................................... 441 / 750 ( 58%)
............................................................... 504 / 750 ( 67%)
............................................................... 567 / 750 ( 75%)
............................................................... 630 / 750 ( 84%)
............................................................... 693 / 750 ( 92%)
.........................................................       750 / 750 (100%)

Time: 01:41.050, Memory: 108.50 MB

There were 5 PHPUnit test runner deprecations:

1) Metadata found in doc-comment for method Tests\Unit\ComponentiImportFormTest::test_catalogo_esenzioni_accetta_array_collection_e_null(). Metadata in doc-comments is deprecated and will no longer be supported in PHPUnit 12. Update your test code to use attributes instead.

2) Metadata found in doc-comment for method Tests\Unit\ComponentiImportFormTest::test_download_nuova_restituisce_file_e_header(). Metadata in doc-comments is deprecated and will no longer be supported in PHPUnit 12. Update your test code to use attributes instead.

3) Metadata found in doc-comment for method Tests\Feature\IstatConformitaTest::test_invalid_guest_data_blocks_export(). Metadata in doc-comments is deprecated and will no longer be supported in PHPUnit 12. Update your test code to use attributes instead.

4) Metadata found in doc-comment for method Tests\Feature\IstatCycleTest::test_post_transmission_changes_are_detected_and_restore_keeps_duplicate_block(). Metadata in doc-comments is deprecated and will no longer be supported in PHPUnit 12. Update your test code to use attributes instead.

5) Metadata found in doc-comment for method Tests\Feature\IstatCycleTest::test_reconciliation_protects_each_new_communication(). Metadata in doc-comments is deprecated and will no longer be supported in PHPUnit 12. Update your test code to use attributes instead.

--

There were 6 errors:

1) Tests\Unit\ComponentiImportFormTest::test_prepare_nuova_scartando_id_stale_non_redirige_a_33
TypeError: auth(): Return value must be of type Illuminate\Contracts\Auth\Factory|Illuminate\Contracts\Auth\Guard, class@anonymous returned


2) Tests\Unit\ComponentiImportFormTest::test_download_nuova_restituisce_file_e_header with data set #0 ('csv', 'text/csv; charset=UTF-8')
TypeError: auth(): Return value must be of type Illuminate\Contracts\Auth\Factory|Illuminate\Contracts\Auth\Guard, class@anonymous returned


3) Tests\Unit\ComponentiImportFormTest::test_download_nuova_restituisce_file_e_header with data set #1 ('txt', 'text/plain; charset=UTF-8')
TypeError: auth(): Return value must be of type Illuminate\Contracts\Auth\Factory|Illuminate\Contracts\Auth\Guard, class@anonymous returned


4) Tests\Unit\ComponentiImportFormTest::test_download_nuova_restituisce_file_e_header with data set #2 ('xlsx', 'application/vnd.openxmlformat....sheet')
TypeError: auth(): Return value must be of type Illuminate\Contracts\Auth\Factory|Illuminate\Contracts\Auth\Guard, class@anonymous returned


5) Tests\Unit\ComponentiImportFormTest::test_preview_conferma_e_ritorno_al_form_senza_persistenza
TypeError: auth(): Return value must be of type Illuminate\Contracts\Auth\Factory|Illuminate\Contracts\Auth\Guard, class@anonymous returned


6) Tests\Unit\ComponentiImportFormTest::test_salvataggio_componenti_nuova_schedina_senza_persistenza
TypeError: auth(): Return value must be of type Illuminate\Contracts\Auth\Factory|Illuminate\Contracts\Auth\Guard, class@anonymous returned


ERRORS!
Tests: 750, Assertions: 8218, Errors: 6, PHPUnit Deprecations: 5.
TEST interrotto senza fallback: phpunit-1 fallito: 2
mysql-error.log:
2026-10-09T18:02:45.687487Z 0 [System] [MY-013169] [Server] /Users/Shared/Herd/services/mysql/8.0.36/bin/mysqld (mysqld 8.0.36) initializing of server in progress as process 3841
2026-10-09T18:02:45.696173Z 0 [Warning] [MY-010159] [Server] Setting lower_case_table_names=2 because file system for /private/tmp/schedine-test-ircd2tlg/mysql-data/ is case insensitive
2026-10-09T18:02:45.712681Z 1 [System] [MY-013576] [InnoDB] InnoDB initialization has started.
2026-10-09T18:02:45.799162Z 1 [System] [MY-013577] [InnoDB] InnoDB initialization has ended.
2026-10-09T18:02:46.633174Z 5 [Warning] [MY-010453] [Server] root@localhost is created with an empty password ! Please consider switching off the --initialize-insecure option.
2026-10-09T18:02:46.949699Z 0 [System] [MY-013172] [Server] Received SHUTDOWN from user <via user signal>. Shutting down mysqld (Version: 8.0.36).
2026-10-09T18:02:48.180278Z 0 [Warning] [MY-010101] [Server] Insecure configuration for --secure-file-priv: Location is accessible to all OS users. Consider choosing a different directory.
2026-10-09T18:02:48.180470Z 0 [System] [MY-010116] [Server] /Users/Shared/Herd/services/mysql/8.0.36/bin/mysqld (mysqld 8.0.36) starting as process 3842
2026-10-09T18:02:48.182675Z 0 [Warning] [MY-010159] [Server] Setting lower_case_table_names=2 because file system for /private/tmp/schedine-test-ircd2tlg/mysql-data/ is case insensitive
2026-10-09T18:02:48.188004Z 1 [System] [MY-013576] [InnoDB] InnoDB initialization has started.
2026-10-09T18:02:48.221740Z 1 [System] [MY-013577] [InnoDB] InnoDB initialization has ended.
2026-10-09T18:02:48.354395Z 0 [Warning] [MY-010068] [Server] CA certificate ca.pem is self signed.
2026-10-09T18:02:48.354641Z 0 [System] [MY-013602] [Server] Channel mysql_main configured to support TLS. Encrypted connections are now supported for this channel.
2026-10-09T18:02:48.356648Z 0 [Warning] [MY-011810] [Server] Insecure configuration for --pid-file: Location '/private/tmp' in the path is accessible to all OS users. Consider choosing a different directory.
2026-10-09T18:02:48.365907Z 0 [System] [MY-010931] [Server] /Users/Shared/Herd/services/mysql/8.0.36/bin/mysqld: ready for connections. Version: '8.0.36'  socket: '/private/tmp/schedine-test-ircd2tlg/mysql.sock'  port: 62977  MySQL Community Server - GPL.

http.log:
[Fri Oct  9 20:02:48 2026] PHP 8.3.33 Development Server (http://127.0.0.1:62978) started
[Fri Oct  9 20:02:48 2026] 127.0.0.1:62989 Accepted
[Fri Oct  9 20:02:48 2026] 127.0.0.1:62989 Closed without sending a request; it was probably just an unused speculative preconnection
[Fri Oct  9 20:02:48 2026] 127.0.0.1:62989 Closing
[Fri Oct  9 20:02:49 2026] 127.0.0.1:62998 Accepted
[Fri Oct  9 20:02:49 2026] 127.0.0.1:62998 Closing

Risorse temporanee fermate e rimosse: /private/tmp/schedine-test-ircd2tlg
