TEST isolato: /private/tmp/schedine-test-ap7ogzrv; database=test_geo_313c91e800edb7b52ba41eadc2b70297; MySQL pid=3315, porta=62753; HTTP pid=3322, porta=62754

Fatal error: Composer detected issues in your platform: Your Composer dependencies require a PHP version ">= 8.4.1". You are running 8.3.33. in /private/tmp/schedine-test-ap7ogzrv/checkout/vendor/composer/platform_check.php on line 22
TEST interrotto senza fallback: Command '['php', 'tests/Isolation/verify.php']' returned non-zero exit status 255.
mysql-error.log:
2026-10-09T17:31:07.418193Z 0 [System] [MY-013169] [Server] /Users/Shared/Herd/services/mysql/8.0.36/bin/mysqld (mysqld 8.0.36) initializing of server in progress as process 3314
2026-10-09T17:31:07.428073Z 0 [Warning] [MY-010159] [Server] Setting lower_case_table_names=2 because file system for /private/tmp/schedine-test-ap7ogzrv/mysql-data/ is case insensitive
2026-10-09T17:31:07.449181Z 1 [System] [MY-013576] [InnoDB] InnoDB initialization has started.
2026-10-09T17:31:07.542115Z 1 [System] [MY-013577] [InnoDB] InnoDB initialization has ended.
2026-10-09T17:31:08.429289Z 5 [Warning] [MY-010453] [Server] root@localhost is created with an empty password ! Please consider switching off the --initialize-insecure option.
2026-10-09T17:31:08.784312Z 0 [System] [MY-013172] [Server] Received SHUTDOWN from user <via user signal>. Shutting down mysqld (Version: 8.0.36).
2026-10-09T17:31:09.917035Z 0 [Warning] [MY-010101] [Server] Insecure configuration for --secure-file-priv: Location is accessible to all OS users. Consider choosing a different directory.
2026-10-09T17:31:09.917186Z 0 [System] [MY-010116] [Server] /Users/Shared/Herd/services/mysql/8.0.36/bin/mysqld (mysqld 8.0.36) starting as process 3315
2026-10-09T17:31:09.919188Z 0 [Warning] [MY-010159] [Server] Setting lower_case_table_names=2 because file system for /private/tmp/schedine-test-ap7ogzrv/mysql-data/ is case insensitive
2026-10-09T17:31:09.922911Z 1 [System] [MY-013576] [InnoDB] InnoDB initialization has started.
2026-10-09T17:31:09.959429Z 1 [System] [MY-013577] [InnoDB] InnoDB initialization has ended.
2026-10-09T17:31:10.082318Z 0 [Warning] [MY-010068] [Server] CA certificate ca.pem is self signed.
2026-10-09T17:31:10.082339Z 0 [System] [MY-013602] [Server] Channel mysql_main configured to support TLS. Encrypted connections are now supported for this channel.
2026-10-09T17:31:10.084276Z 0 [Warning] [MY-011810] [Server] Insecure configuration for --pid-file: Location '/private/tmp' in the path is accessible to all OS users. Consider choosing a different directory.
2026-10-09T17:31:10.093798Z 0 [System] [MY-010931] [Server] /Users/Shared/Herd/services/mysql/8.0.36/bin/mysqld: ready for connections. Version: '8.0.36'  socket: '/private/tmp/schedine-test-ap7ogzrv/mysql.sock'  port: 62753  MySQL Community Server - GPL.

http.log:
[Fri Oct  9 19:31:10 2026] PHP 8.3.33 Development Server (http://127.0.0.1:62754) started
[Fri Oct  9 19:31:10 2026] 127.0.0.1:62766 Accepted
[Fri Oct  9 19:31:10 2026] 127.0.0.1:62766 Closed without sending a request; it was probably just an unused speculative preconnection
[Fri Oct  9 19:31:10 2026] 127.0.0.1:62766 Closing

Risorse temporanee fermate e rimosse: /private/tmp/schedine-test-ap7ogzrv
