TEST isolato: /private/tmp/schedine-test-w6wpmi6g; database=test_geo_1c3f411271f09f04e6a9cb77812df380; MySQL pid=67491, porta=55977; HTTP pid=67574, porta=55978
PASS: identità processi/DB/HTTP, riconnessione e 23 rifiuti di override prima delle migrazioni.
PASS: build asset e verifica GEO immutabile nel checkout temporaneo.
PASS SOAP 200 and positive body never prove acceptance; no token/body leaves service
PASS verification is unknown and retains Test operation
PASS external constructor exception is contained
PASS SOAP call exceptions do not escape with their chain
PASS negative provider text is replaced with a fixed message
PASS simulation makes no SOAP calls and is never accepted
PASS nested and unexpected fields discarded; caller acceptance ignored
PASS allowed slots cannot carry arrays objects or arbitrary strings
PASS historical success never becomes accepted; history not rewritten
PASS receipt and tables cannot expose or persist unvalidated bodies
PASS actual persistence boundary projects injected provider material
PASS legacy handler aborts before any DB or storage dependency
PASS controller has no confirmed-send mutation for simulation or attempts
PASS view never presents legacy provider messages or success as acceptance
14 safety checks passed; in-memory doubles only

Running 8 tests using 1 worker

  ✓  1 tests/Feature/dependency-artifact-boundary.playwright.spec.js:3:1 › Artefatto nuovo: CKEditor non usato escluso, asset corretti ancora disponibili (930ms)
  ✓  2 tests/Feature/dependency-http.playwright.spec.js:3:1 › Client HTTP condiviso: GET autenticata e PUT con CSRF e validazione422 (2.6s)
  ✓  3 tests/Feature/dependency-public-assets.playwright.spec.js:3:1 › Swiper: scorrimento e regressione prototype pollution (613ms)
  ✓  4 tests/Feature/dependency-public-assets.playwright.spec.js:16:1 › ECharts: grafico e tooltip con etichetta HTML sintetica (652ms)
  ✓  5 tests/Feature/dependency-public-assets.playwright.spec.js:26:1 › Quill: editor, formattazione e incolla senza handler HTML (599ms)
  ✓  6 tests/Feature/ross1000-navigation.playwright.spec.js:4:2 › Ross1000: bottone e Tabella A, struttura sintetica incompleta (2.8s)
  ✓  7 tests/Feature/ross1000-navigation.playwright.spec.js:4:2 › Ross1000: bottone e Tabella A, struttura sintetica completa (3.0s)
  ✓  8 tests/Feature/ross1000-navigation.playwright.spec.js:4:2 › Ross1000: bottone e Tabella A, struttura sintetica soggiorno-incompleto (2.3s)

  8 passed (15.4s)
PROXY_CORPO_INCOMPLETO ricevuti=0 mancanti=76768
Risorse temporanee fermate e rimosse: /private/tmp/schedine-test-w6wpmi6g
