Loading composer repositories with package information
Updating dependencies
Lock file operations: 5 installs, 49 updates, 0 removals
  - Upgrading filp/whoops (2.16.0 => 2.18.6)
  - Upgrading laravel/framework (v11.31.0 => v12.69.3)
  - Upgrading laravel/sail (v1.38.0 => v1.68.0)
  - Upgrading laravel/sanctum (v4.0.3 => v4.3.3)
  - Upgrading laravel/tinker (v2.10.0 => v2.11.1)
  - Upgrading laravel/ui (v4.5.2 => v4.6.3)
  - Locking league/uri (7.8.1)
  - Locking league/uri-interfaces (7.8.1)
  - Upgrading myclabs/deep-copy (1.12.1 => 1.14.0)
  - Upgrading nikic/php-parser (v5.3.1 => v5.9.0)
  - Upgrading nunomaduro/collision (v8.5.0 => v8.9.5)
  - Upgrading nunomaduro/termwind (v2.2.0 => v2.4.0)
  - Upgrading phpunit/php-code-coverage (10.1.16 => 11.0.12)
  - Upgrading phpunit/php-file-iterator (4.1.0 => 5.1.1)
  - Upgrading phpunit/php-invoker (4.0.0 => 5.0.1)
  - Upgrading phpunit/php-text-template (3.0.1 => 4.0.1)
  - Upgrading phpunit/php-timer (6.0.0 => 7.0.1)
  - Upgrading phpunit/phpunit (10.5.38 => 11.5.57)
  - Upgrading sebastian/cli-parser (2.0.1 => 3.0.2)
  - Upgrading sebastian/code-unit (2.0.0 => 3.0.3)
  - Upgrading sebastian/code-unit-reverse-lookup (3.0.0 => 4.0.1)
  - Upgrading sebastian/comparator (5.0.3 => 6.3.3)
  - Upgrading sebastian/complexity (3.2.0 => 4.0.1)
  - Upgrading sebastian/diff (5.1.1 => 6.0.2)
  - Upgrading sebastian/environment (6.1.0 => 7.2.1)
  - Upgrading sebastian/exporter (5.1.2 => 6.3.2)
  - Upgrading sebastian/global-state (6.0.2 => 7.0.2)
  - Upgrading sebastian/lines-of-code (2.0.2 => 3.0.1)
  - Upgrading sebastian/object-enumerator (5.0.0 => 6.0.1)
  - Upgrading sebastian/object-reflector (3.0.0 => 4.0.1)
  - Upgrading sebastian/recursion-context (5.0.0 => 6.0.3)
  - Upgrading sebastian/type (4.0.0 => 5.1.3)
  - Upgrading sebastian/version (4.0.1 => 5.0.2)
  - Upgrading spatie/backtrace (1.6.2 => 1.8.2)
  - Upgrading spatie/error-solutions (1.1.1 => 1.1.3)
  - Upgrading spatie/flare-client-php (1.8.0 => 1.11.1)
  - Upgrading spatie/ignition (1.15.0 => 1.16.0)
  - Upgrading spatie/laravel-ignition (2.8.0 => 2.12.0)
  - Locking staabm/side-effects-detector (1.0.5)
  - Upgrading symfony/console (v7.1.7 => v7.4.20)
  - Upgrading symfony/error-handler (v7.1.7 => v7.4.20)
  - Upgrading symfony/event-dispatcher (v7.1.6 => v8.1.5)
  - Upgrading symfony/finder (v7.1.6 => v7.4.20)
  - Upgrading symfony/http-kernel (v7.1.7 => v7.4.20)
  - Upgrading symfony/polyfill-intl-grapheme (v1.31.0 => v1.43.0)
  - Upgrading symfony/polyfill-php83 (v1.31.0 => v1.43.0)
  - Locking symfony/polyfill-php84 (v1.43.0)
  - Locking symfony/polyfill-php85 (v1.43.0)
  - Upgrading symfony/process (v7.1.7 => v7.4.19)
  - Upgrading symfony/string (v7.1.6 => v8.1.7)
  - Upgrading symfony/uid (v7.1.6 => v7.4.20)
  - Upgrading symfony/var-dumper (v7.1.7 => v7.4.18)
  - Upgrading theseer/tokenizer (1.2.3 => 1.3.1)
  - Upgrading voku/portable-ascii (2.0.1 => 2.1.1)
Writing lock file
Installing dependencies from lock file (including require-dev)
Package operations: 123 installs, 0 updates, 0 removals
  - Downloading carbonphp/carbon-doctrine-types (3.2.0)
  - Downloading psr/log (3.0.2)
  - Downloading psr/cache (3.0.0)
  - Downloading doctrine/deprecations (1.1.5)
  - Downloading doctrine/dbal (4.3.4)
  - Downloading doctrine/inflector (2.0.10)
  - Downloading doctrine/lexer (3.0.1)
  - Downloading symfony/polyfill-ctype (v1.31.0)
  - Downloading webmozart/assert (1.11.0)
  - Downloading dragonmantank/cron-expression (v3.4.0)
  - Downloading symfony/deprecation-contracts (v3.5.0)
  - Downloading psr/container (2.0.2)
  - Downloading fakerphp/faker (v1.24.0)
  - Downloading symfony/polyfill-mbstring (v1.31.0)
  - Downloading symfony/http-foundation (v7.4.20)
  - Downloading fruitcake/php-cors (v1.3.0)
  - Downloading symfony/polyfill-php80 (v1.31.0)
  - Downloading psr/http-message (2.0)
  - Downloading psr/http-client (1.0.3)
  - Downloading ralouphie/getallheaders (3.0.3)
  - Downloading psr/http-factory (1.1.0)
  - Downloading guzzlehttp/psr7 (2.13.1)
  - Downloading guzzlehttp/promises (2.5.3)
  - Downloading guzzlehttp/guzzle (7.15.5)
  - Downloading guzzlehttp/uri-template (v1.0.3)
  - Downloading laravel/pint (v1.18.1)
  - Downloading symfony/polyfill-intl-normalizer (v1.31.0)
  - Downloading symfony/polyfill-intl-grapheme (v1.43.0)
  - Downloading symfony/string (v8.1.7)
  - Downloading symfony/service-contracts (v3.5.0)
  - Downloading symfony/console (v7.4.20)
  - Downloading laravel/prompts (v0.3.2)
  - Downloading symfony/yaml (v7.1.6)
  - Downloading phpoption/phpoption (1.9.3)
  - Downloading graham-campbell/result-type (v1.1.3)
  - Downloading vlucas/phpdotenv (v5.6.1)
  - Downloading symfony/css-selector (v7.1.6)
  - Downloading tijsverkoyen/css-to-inline-styles (v2.2.7)
  - Downloading symfony/polyfill-uuid (v1.31.0)
  - Downloading symfony/uid (v7.4.20)
  - Downloading symfony/routing (v7.4.20)
  - Downloading symfony/polyfill-php85 (v1.43.0)
  - Downloading symfony/polyfill-php84 (v1.43.0)
  - Downloading symfony/polyfill-php83 (v1.43.0)
  - Downloading symfony/polyfill-intl-idn (v1.43.0)
  - Downloading psr/event-dispatcher (1.0.0)
  - Downloading symfony/event-dispatcher-contracts (v3.5.0)
  - Downloading symfony/event-dispatcher (v8.1.5)
  - Downloading egulias/email-validator (4.0.2)
  - Downloading symfony/error-handler (v7.4.20)
  - Downloading symfony/http-kernel (v7.4.20)
  - Downloading symfony/finder (v7.4.20)
  - Downloading ramsey/collection (2.0.0)
  - Downloading brick/math (0.12.1)
  - Downloading ramsey/uuid (4.7.6)
  - Downloading psr/simple-cache (3.0.0)
  - Downloading nunomaduro/termwind (v2.4.0)
  - Downloading symfony/translation-contracts (v3.5.0)
  - Downloading symfony/translation (v7.1.6)
  - Downloading psr/clock (1.0.0)
  - Downloading symfony/clock (v7.1.6)
  - Downloading nesbot/carbon (3.14.2)
  - Downloading monolog/monolog (3.8.0)
  - Downloading league/uri-interfaces (7.8.1)
  - Downloading league/uri (7.8.1)
  - Downloading league/mime-type-detection (1.16.0)
  - Downloading league/flysystem-local (3.29.0)
  - Downloading nette/utils (v4.0.5)
  - Downloading nette/schema (v1.3.2)
  - Downloading dflydev/dot-access-data (v3.0.3)
  - Downloading league/config (v1.2.0)
  - Downloading league/commonmark (2.10.3)
  - Downloading laravel/serializable-closure (v1.3.6)
  - Downloading laravel/framework (v12.69.3)
  - Downloading laravel/sail (v1.68.0)
  - Downloading laravel/sanctum (v4.3.3)
  - Downloading laravel/tinker (v2.11.1)
  - Downloading laravel/ui (v4.6.3)
  - Downloading hamcrest/hamcrest-php (v2.0.1)
  - Downloading mockery/mockery (1.6.12)
  - Downloading filp/whoops (2.18.6)
  - Downloading staabm/side-effects-detector (1.0.5)
  - Downloading sebastian/version (5.0.2)
  - Downloading sebastian/type (5.1.3)
  - Downloading sebastian/recursion-context (6.0.3)
  - Downloading sebastian/object-reflector (4.0.1)
  - Downloading sebastian/object-enumerator (6.0.1)
  - Downloading sebastian/global-state (7.0.2)
  - Downloading sebastian/exporter (6.3.2)
  - Downloading sebastian/environment (7.2.1)
  - Downloading sebastian/diff (6.0.2)
  - Downloading sebastian/comparator (6.3.3)
  - Downloading sebastian/code-unit (3.0.3)
  - Downloading sebastian/cli-parser (3.0.2)
  - Downloading phpunit/php-timer (7.0.1)
  - Downloading phpunit/php-text-template (4.0.1)
  - Downloading phpunit/php-invoker (5.0.1)
  - Downloading phpunit/php-file-iterator (5.1.1)
  - Downloading theseer/tokenizer (1.3.1)
  - Downloading sebastian/lines-of-code (3.0.1)
  - Downloading sebastian/complexity (4.0.1)
  - Downloading sebastian/code-unit-reverse-lookup (4.0.1)
  - Downloading phpunit/php-code-coverage (11.0.12)
  - Downloading phar-io/version (3.2.1)
  - Downloading phar-io/manifest (2.0.4)
  - Downloading phpunit/phpunit (11.5.57)
  - Downloading spatie/error-solutions (1.1.3)
  - Downloading spatie/backtrace (1.8.2)
  - Downloading spatie/flare-client-php (1.11.1)
  - Downloading spatie/ignition (1.16.0)
  - Downloading spatie/laravel-ignition (2.12.0)
  - Downloading symfony/intl (v7.4.6)
   0/112 [>---------------------------]   0%
  15/112 [===>------------------------]  13%
  29/112 [=======>--------------------]  25%
  34/112 [========>-------------------]  30%
  45/112 [===========>----------------]  40%
  58/112 [==============>-------------]  51%
  68/112 [=================>----------]  60%
  79/112 [===================>--------]  70%
  93/112 [=======================>----]  83%
 103/112 [=========================>--]  91%
 111/112 [===========================>]  99%
 112/112 [============================] 100%
  - Installing carbonphp/carbon-doctrine-types (3.2.0): Extracting archive
  - Installing psr/log (3.0.2): Extracting archive
  - Installing psr/cache (3.0.0): Extracting archive
  - Installing doctrine/deprecations (1.1.5): Extracting archive
  - Installing doctrine/dbal (4.3.4): Extracting archive
  - Installing doctrine/inflector (2.0.10): Extracting archive
  - Installing doctrine/lexer (3.0.1): Extracting archive
  - Installing symfony/polyfill-ctype (v1.31.0): Extracting archive
  - Installing webmozart/assert (1.11.0): Extracting archive
  - Installing dragonmantank/cron-expression (v3.4.0): Extracting archive
  - Installing symfony/deprecation-contracts (v3.5.0): Extracting archive
  - Installing psr/container (2.0.2): Extracting archive
  - Installing fakerphp/faker (v1.24.0): Extracting archive
  - Installing symfony/polyfill-mbstring (v1.31.0): Extracting archive
  - Installing symfony/http-foundation (v7.4.20): Extracting archive
  - Installing fruitcake/php-cors (v1.3.0): Extracting archive
  - Installing symfony/polyfill-php80 (v1.31.0): Extracting archive
  - Installing psr/http-message (2.0): Extracting archive
  - Installing psr/http-client (1.0.3): Extracting archive
  - Installing ralouphie/getallheaders (3.0.3): Extracting archive
  - Installing psr/http-factory (1.1.0): Extracting archive
  - Installing guzzlehttp/psr7 (2.13.1): Extracting archive
  - Installing guzzlehttp/promises (2.5.3): Extracting archive
  - Installing guzzlehttp/guzzle (7.15.5): Extracting archive
  - Installing guzzlehttp/uri-template (v1.0.3): Extracting archive
  - Installing laravel/pint (v1.18.1): Extracting archive
  - Installing symfony/polyfill-intl-normalizer (v1.31.0): Extracting archive
  - Installing symfony/polyfill-intl-grapheme (v1.43.0): Extracting archive
  - Installing symfony/string (v8.1.7): Extracting archive
  - Installing symfony/service-contracts (v3.5.0): Extracting archive
  - Installing symfony/console (v7.4.20): Extracting archive
  - Installing laravel/prompts (v0.3.2): Extracting archive
  - Installing symfony/yaml (v7.1.6): Extracting archive
  - Installing voku/portable-ascii (2.1.1): Extracting archive
  - Installing phpoption/phpoption (1.9.3): Extracting archive
  - Installing graham-campbell/result-type (v1.1.3): Extracting archive
  - Installing vlucas/phpdotenv (v5.6.1): Extracting archive
  - Installing symfony/css-selector (v7.1.6): Extracting archive
  - Installing tijsverkoyen/css-to-inline-styles (v2.2.7): Extracting archive
  - Installing symfony/var-dumper (v7.4.18): Extracting archive
  - Installing symfony/polyfill-uuid (v1.31.0): Extracting archive
  - Installing symfony/uid (v7.4.20): Extracting archive
  - Installing symfony/routing (v7.4.20): Extracting archive
  - Installing symfony/process (v7.4.19): Extracting archive
  - Installing symfony/polyfill-php85 (v1.43.0): Extracting archive
  - Installing symfony/polyfill-php84 (v1.43.0): Extracting archive
  - Installing symfony/polyfill-php83 (v1.43.0): Extracting archive
  - Installing symfony/polyfill-intl-idn (v1.43.0): Extracting archive
  - Installing symfony/mime (v7.4.19): Extracting archive
  - Installing psr/event-dispatcher (1.0.0): Extracting archive
  - Installing symfony/event-dispatcher-contracts (v3.5.0): Extracting archive
  - Installing symfony/event-dispatcher (v8.1.5): Extracting archive
  - Installing egulias/email-validator (4.0.2): Extracting archive
  - Installing symfony/mailer (v7.4.19): Extracting archive
  - Installing symfony/error-handler (v7.4.20): Extracting archive
  - Installing symfony/http-kernel (v7.4.20): Extracting archive
  - Installing symfony/finder (v7.4.20): Extracting archive
  - Installing ramsey/collection (2.0.0): Extracting archive
  - Installing brick/math (0.12.1): Extracting archive
  - Installing ramsey/uuid (4.7.6): Extracting archive
  - Installing psr/simple-cache (3.0.0): Extracting archive
  - Installing nunomaduro/termwind (v2.4.0): Extracting archive
  - Installing symfony/translation-contracts (v3.5.0): Extracting archive
  - Installing symfony/translation (v7.1.6): Extracting archive
  - Installing psr/clock (1.0.0): Extracting archive
  - Installing symfony/clock (v7.1.6): Extracting archive
  - Installing nesbot/carbon (3.14.2): Extracting archive
  - Installing monolog/monolog (3.8.0): Extracting archive
  - Installing league/uri-interfaces (7.8.1): Extracting archive
  - Installing league/uri (7.8.1): Extracting archive
  - Installing league/mime-type-detection (1.16.0): Extracting archive
  - Installing league/flysystem-local (3.29.0): Extracting archive
  - Installing league/flysystem (3.36.0): Extracting archive
  - Installing nette/utils (v4.0.5): Extracting archive
  - Installing nette/schema (v1.3.2): Extracting archive
  - Installing dflydev/dot-access-data (v3.0.3): Extracting archive
  - Installing league/config (v1.2.0): Extracting archive
  - Installing league/commonmark (2.10.3): Extracting archive
  - Installing laravel/serializable-closure (v1.3.6): Extracting archive
  - Installing laravel/framework (v12.69.3): Extracting archive
  - Installing laravel/sail (v1.68.0): Extracting archive
  - Installing laravel/sanctum (v4.3.3): Extracting archive
  - Installing nikic/php-parser (v5.9.0): Extracting archive
  - Installing psy/psysh (v0.12.24): Extracting archive
  - Installing laravel/tinker (v2.11.1): Extracting archive
  - Installing laravel/ui (v4.6.3): Extracting archive
  - Installing hamcrest/hamcrest-php (v2.0.1): Extracting archive
  - Installing mockery/mockery (1.6.12): Extracting archive
  - Installing filp/whoops (2.18.6): Extracting archive
  - Installing nunomaduro/collision (v8.9.5): Extracting archive
  - Installing openspout/openspout (v4.32.0): Extracting archive
  - Installing staabm/side-effects-detector (1.0.5): Extracting archive
  - Installing sebastian/version (5.0.2): Extracting archive
  - Installing sebastian/type (5.1.3): Extracting archive
  - Installing sebastian/recursion-context (6.0.3): Extracting archive
  - Installing sebastian/object-reflector (4.0.1): Extracting archive
  - Installing sebastian/object-enumerator (6.0.1): Extracting archive
  - Installing sebastian/global-state (7.0.2): Extracting archive
  - Installing sebastian/exporter (6.3.2): Extracting archive
  - Installing sebastian/environment (7.2.1): Extracting archive
  - Installing sebastian/diff (6.0.2): Extracting archive
  - Installing sebastian/comparator (6.3.3): Extracting archive
  - Installing sebastian/code-unit (3.0.3): Extracting archive
  - Installing sebastian/cli-parser (3.0.2): Extracting archive
  - Installing phpunit/php-timer (7.0.1): Extracting archive
  - Installing phpunit/php-text-template (4.0.1): Extracting archive
  - Installing phpunit/php-invoker (5.0.1): Extracting archive
  - Installing phpunit/php-file-iterator (5.1.1): Extracting archive
  - Installing theseer/tokenizer (1.3.1): Extracting archive
  - Installing sebastian/lines-of-code (3.0.1): Extracting archive
  - Installing sebastian/complexity (4.0.1): Extracting archive
  - Installing sebastian/code-unit-reverse-lookup (4.0.1): Extracting archive
  - Installing phpunit/php-code-coverage (11.0.12): Extracting archive
  - Installing phar-io/version (3.2.1): Extracting archive
  - Installing phar-io/manifest (2.0.4): Extracting archive
  - Installing myclabs/deep-copy (1.14.0): Extracting archive
  - Installing phpunit/phpunit (11.5.57): Extracting archive
  - Installing spatie/error-solutions (1.1.3): Extracting archive
  - Installing spatie/backtrace (1.8.2): Extracting archive
  - Installing spatie/flare-client-php (1.11.1): Extracting archive
  - Installing spatie/ignition (1.16.0): Extracting archive
  - Installing spatie/laravel-ignition (2.12.0): Extracting archive
  - Installing symfony/intl (v7.4.6): Extracting archive
   0/123 [>---------------------------]   0%
  17/123 [===>------------------------]  13%
  28/123 [======>---------------------]  22%
  46/123 [==========>-----------------]  37%
  54/123 [============>---------------]  43%
  67/123 [===============>------------]  54%
  77/123 [=================>----------]  62%
  96/123 [=====================>------]  78%
 105/123 [=======================>----]  85%
 113/123 [=========================>--]  91%
 123/123 [============================] 100%
6 package suggestions were added by new dependencies, use `composer suggest` to see details.
Generating optimized autoload files
Class SoapClient located in ./tests/Safety/questura_security.php does not comply with psr-4 autoloading standard (rule: Tests\ => ./tests). Skipping.
Class FakeSoapClient located in ./tests/Safety/questura_security.php does not comply with psr-4 autoloading standard (rule: Tests\ => ./tests). Skipping.
Class Carbon\Carbon located in ./tests/Safety/questura_security.php does not comply with psr-4 autoloading standard (rule: Tests\ => ./tests). Skipping.
Class Illuminate\Http\Request located in ./tests/Safety/questura_security.php does not comply with psr-4 autoloading standard (rule: Tests\ => ./tests). Skipping.
Class App\Http\Controllers\Controller located in ./tests/Safety/questura_security.php does not comply with psr-4 autoloading standard (rule: Tests\ => ./tests). Skipping.
Class App\Models\Struttura located in ./tests/Safety/questura_security.php does not comply with psr-4 autoloading standard (rule: Tests\ => ./tests). Skipping.
Class App\Models\QuesturaTransmission located in ./tests/Safety/questura_security.php does not comply with psr-4 autoloading standard (rule: Tests\ => ./tests). Skipping.
Class App\Services\QuesturaTxtExportService located in ./tests/Safety/questura_security.php does not comply with psr-4 autoloading standard (rule: Tests\ => ./tests). Skipping.
Class App\Services\QuesturaRetentionService located in ./tests/Safety/questura_security.php does not comply with psr-4 autoloading standard (rule: Tests\ => ./tests). Skipping.
Class App\Models\Struttura located in ./tests/Safety/istat_security.php does not comply with psr-4 autoloading standard (rule: Tests\ => ./tests). Skipping.
Class Carbon\Carbon located in ./tests/Safety/istat_security.php does not comply with psr-4 autoloading standard (rule: Tests\ => ./tests). Skipping.
Class App\Services\IstatTabellaAService located in ./tests/Safety/istat_security.php does not comply with psr-4 autoloading standard (rule: Tests\ => ./tests). Skipping.
Class Illuminate\Support\Facades\Http located in ./tests/Safety/istat_security.php does not comply with psr-4 autoloading standard (rule: Tests\ => ./tests). Skipping.
Class Tests\Feature\WebCheckinShortLinkTest located in ./tests/Diagnostics/token-precontratto-2026-10-09/WebCheckinShortLinkTest.php does not comply with psr-4 autoloading standard (rule: Tests\ => ./tests). Skipping.
Class Tests\Feature\CestinoSecurityTest located in ./tests/Diagnostics/token-precontratto-2026-10-09/CestinoSecurityTest.php does not comply with psr-4 autoloading standard (rule: Tests\ => ./tests). Skipping.
Class Tests\Feature\WebCheckinParentSecurityTest located in ./tests/Diagnostics/token-precontratto-2026-10-09/WebCheckinParentSecurityTest.php does not comply with psr-4 autoloading standard (rule: Tests\ => ./tests). Skipping.
Class Tests\Feature\WebCheckinGroupAtomicityTest located in ./tests/Diagnostics/token-precontratto-2026-10-09/WebCheckinGroupAtomicityTest.php does not comply with psr-4 autoloading standard (rule: Tests\ => ./tests). Skipping.
Class Tests\Feature\WebCheckinCameraIsolationTest located in ./tests/Diagnostics/token-precontratto-2026-10-09/WebCheckinCameraIsolationTest.php does not comply with psr-4 autoloading standard (rule: Tests\ => ./tests). Skipping.
Class Tests\Feature\WebCheckinFiscalContextTest located in ./tests/Diagnostics/token-precontratto-2026-10-09/WebCheckinFiscalContextTest.php does not comply with psr-4 autoloading standard (rule: Tests\ => ./tests). Skipping.
91 packages you are using are looking for funding.
Use the `composer fund` command to find out more!
Found 3 security vulnerability advisories affecting 1 package.
Run "composer audit" for a full list of advisories.
