TEST isolato: /private/tmp/schedine-test-k1xu9o0r; database=test_geo_31b5c03508ca4e91d734ab181c04c0e0; MySQL pid=68499, porta=64656; HTTP pid=68507, porta=64657
PASS: identità processi/DB/HTTP, riconnessione e 23 rifiuti di override prima delle migrazioni.
PASS: build asset e verifica GEO immutabile nel checkout temporaneo.
PHPUnit 10.5.38 by Sebastian Bergmann and contributors.

Runtime:       PHP 8.3.33
Configuration: /private/tmp/schedine-test-k1xu9o0r/checkout/phpunit.xml

EEEEEEEEEEEEEEE                                                   15 / 15 (100%)

Time: 00:06.848, Memory: 50.50 MB

There were 15 errors:

1) Tests\Feature\WebCheckinLifecycleTest::test_scadenza_calendario_dst_confine_esclusivo with data set #0 ('2026-03-28', '2026-03-30', 47)
Illuminate\Contracts\Container\BindingResolutionException: Target class [App\Http\Middleware\AuthenticateAccountSession] does not exist.


Caused by
ReflectionException: Class "App\Http\Middleware\AuthenticateAccountSession" does not exist


2) Tests\Feature\WebCheckinLifecycleTest::test_scadenza_calendario_dst_confine_esclusivo with data set #1 ('2026-10-24', '2026-10-26', 49)
Illuminate\Contracts\Container\BindingResolutionException: Target class [App\Http\Middleware\AuthenticateAccountSession] does not exist.


Caused by
ReflectionException: Class "App\Http\Middleware\AuthenticateAccountSession" does not exist


3) Tests\Feature\WebCheckinLifecycleTest::test_scadenza_calendario_dst_confine_esclusivo with data set #2 ('2026-12-31', '2027-01-02', 48)
Illuminate\Contracts\Container\BindingResolutionException: Target class [App\Http\Middleware\AuthenticateAccountSession] does not exist.


Caused by
ReflectionException: Class "App\Http\Middleware\AuthenticateAccountSession" does not exist


4) Tests\Feature\WebCheckinLifecycleTest::test_scadenza_calendario_dst_confine_esclusivo with data set #3 ('2028-02-28', '2028-03-01', 48)
Illuminate\Contracts\Container\BindingResolutionException: Target class [App\Http\Middleware\AuthenticateAccountSession] does not exist.


Caused by
ReflectionException: Class "App\Http\Middleware\AuthenticateAccountSession" does not exist


5) Tests\Feature\WebCheckinLifecycleTest::test_emissione_anticipata_senza_cap_e_formato_indipendente
Illuminate\Contracts\Container\BindingResolutionException: Target class [App\Http\Middleware\AuthenticateAccountSession] does not exist.


Caused by
ReflectionException: Class "App\Http\Middleware\AuthenticateAccountSession" does not exist


6) Tests\Feature\WebCheckinLifecycleTest::test_ospite_salva_corregge_senza_estendere_data_operatore
Illuminate\Contracts\Container\BindingResolutionException: Target class [App\Http\Middleware\AuthenticateAccountSession] does not exist.


Caused by
ReflectionException: Class "App\Http\Middleware\AuthenticateAccountSession" does not exist


7) Tests\Feature\WebCheckinLifecycleTest::test_riprogrammazione_attiva_e_scaduta_senza_riattivazione
Illuminate\Contracts\Container\BindingResolutionException: Target class [App\Http\Middleware\AuthenticateAccountSession] does not exist.


Caused by
ReflectionException: Class "App\Http\Middleware\AuthenticateAccountSession" does not exist


8) Tests\Feature\WebCheckinLifecycleTest::test_revoca_rigenerazione_destinatario_tenant_e_csrf
Illuminate\Contracts\Container\BindingResolutionException: Target class [App\Http\Middleware\AuthenticateAccountSession] does not exist.


Caused by
ReflectionException: Class "App\Http\Middleware\AuthenticateAccountSession" does not exist


9) Tests\Feature\WebCheckinLifecycleTest::test_cestino_non_riattiva_e_nuova_emissione64
Error: Call to undefined method App\Services\CestinoService::restore()


10) Tests\Feature\WebCheckinLifecycleTest::test_convertito_solo_messaggio_tutti_alias_senza_dati
Illuminate\Contracts\Container\BindingResolutionException: Target class [App\Http\Middleware\AuthenticateAccountSession] does not exist.


Caused by
ReflectionException: Class "App\Http\Middleware\AuthenticateAccountSession" does not exist


11) Tests\Feature\WebCheckinLifecycleTest::test_legacy64_80_e_short_fino_scadenza_senza_grazia7
Illuminate\Contracts\Container\BindingResolutionException: Target class [App\Http\Middleware\AuthenticateAccountSession] does not exist.


Caused by
ReflectionException: Class "App\Http\Middleware\AuthenticateAccountSession" does not exist


12) Tests\Feature\WebCheckinLifecycleTest::test_date_mancanti_incoerenti_non_abilitano_link
Illuminate\Contracts\Container\BindingResolutionException: Target class [App\Http\Middleware\AuthenticateAccountSession] does not exist.


Caused by
ReflectionException: Class "App\Http\Middleware\AuthenticateAccountSession" does not exist


13) Tests\Feature\WebCheckinLifecycleTest::test_letture_alias_soglia_finestra_e_wifi_isolamento
Illuminate\Contracts\Container\BindingResolutionException: Target class [App\Http\Middleware\AuthenticateAccountSession] does not exist.


Caused by
ReflectionException: Class "App\Http\Middleware\AuthenticateAccountSession" does not exist


14) Tests\Feature\WebCheckinLifecycleTest::test_post20_dieci_minuti_alias_senza_scritture_e_get_indipendente
Illuminate\Contracts\Container\BindingResolutionException: Target class [App\Http\Middleware\AuthenticateAccountSession] does not exist.


Caused by
ReflectionException: Class "App\Http\Middleware\AuthenticateAccountSession" does not exist


15) Tests\Feature\WebCheckinLifecycleTest::test_ip_generale_prima_lookup300_wifi_condiviso
Illuminate\Contracts\Container\BindingResolutionException: Target class [App\Http\Middleware\AuthenticateAccountSession] does not exist.


Caused by
ReflectionException: Class "App\Http\Middleware\AuthenticateAccountSession" does not exist


ERRORS!
Tests: 15, Assertions: 11, Errors: 15.
TEST interrotto senza fallback: phpunit-1 fallito: 2
mysql-error.log:
2026-10-09T14:36:02.546387Z 0 [System] [MY-013169] [Server] /Users/Shared/Herd/services/mysql/8.0.36/bin/mysqld (mysqld 8.0.36) initializing of server in progress as process 68493
2026-10-09T14:36:02.556034Z 0 [Warning] [MY-010159] [Server] Setting lower_case_table_names=2 because file system for /private/tmp/schedine-test-k1xu9o0r/mysql-data/ is case insensitive
2026-10-09T14:36:02.570706Z 1 [System] [MY-013576] [InnoDB] InnoDB initialization has started.
2026-10-09T14:36:02.700889Z 1 [System] [MY-013577] [InnoDB] InnoDB initialization has ended.
2026-10-09T14:36:03.773552Z 5 [Warning] [MY-010453] [Server] root@localhost is created with an empty password ! Please consider switching off the --initialize-insecure option.
2026-10-09T14:36:04.183918Z 0 [System] [MY-013172] [Server] Received SHUTDOWN from user <via user signal>. Shutting down mysqld (Version: 8.0.36).
2026-10-09T14:36:05.134063Z 0 [Warning] [MY-010101] [Server] Insecure configuration for --secure-file-priv: Location is accessible to all OS users. Consider choosing a different directory.
2026-10-09T14:36:05.134107Z 0 [System] [MY-010116] [Server] /Users/Shared/Herd/services/mysql/8.0.36/bin/mysqld (mysqld 8.0.36) starting as process 68499
2026-10-09T14:36:05.136135Z 0 [Warning] [MY-010159] [Server] Setting lower_case_table_names=2 because file system for /private/tmp/schedine-test-k1xu9o0r/mysql-data/ is case insensitive
2026-10-09T14:36:05.208515Z 1 [System] [MY-013576] [InnoDB] InnoDB initialization has started.
2026-10-09T14:36:05.263812Z 1 [System] [MY-013577] [InnoDB] InnoDB initialization has ended.
2026-10-09T14:36:05.363782Z 0 [Warning] [MY-010068] [Server] CA certificate ca.pem is self signed.
2026-10-09T14:36:05.363805Z 0 [System] [MY-013602] [Server] Channel mysql_main configured to support TLS. Encrypted connections are now supported for this channel.
2026-10-09T14:36:05.369235Z 0 [Warning] [MY-011810] [Server] Insecure configuration for --pid-file: Location '/private/tmp' in the path is accessible to all OS users. Consider choosing a different directory.
2026-10-09T14:36:05.381486Z 0 [System] [MY-010931] [Server] /Users/Shared/Herd/services/mysql/8.0.36/bin/mysqld: ready for connections. Version: '8.0.36'  socket: '/private/tmp/schedine-test-k1xu9o0r/mysql.sock'  port: 64656  MySQL Community Server - GPL.

http.log:
[Fri Oct  9 16:36:05 2026] PHP 8.3.33 Development Server (http://127.0.0.1:64657) started
[Fri Oct  9 16:36:05 2026] 127.0.0.1:64678 Accepted
[Fri Oct  9 16:36:05 2026] 127.0.0.1:64678 Closed without sending a request; it was probably just an unused speculative preconnection
[Fri Oct  9 16:36:05 2026] 127.0.0.1:64678 Closing
[Fri Oct  9 16:36:06 2026] 127.0.0.1:64687 Accepted
[Fri Oct  9 16:36:06 2026] 127.0.0.1:64687 Closing

Risorse temporanee fermate e rimosse: /private/tmp/schedine-test-k1xu9o0r
