TEST isolato: /private/tmp/schedine-test-yucxcvxc; database=test_geo_cfa6117155dc4bae9e7e64ac10ff3473; MySQL pid=66810, porta=49793; HTTP pid=66819, porta=49794
PASS: identità processi/DB/HTTP, riconnessione e 23 rifiuti di override prima delle migrazioni.
PASS: build asset e verifica GEO immutabile nel checkout temporaneo.
PHPUnit 10.5.38 by Sebastian Bergmann and contributors.

Runtime:       PHP 8.3.33
Configuration: /private/tmp/schedine-test-yucxcvxc/checkout/phpunit.xml
Random Seed:   20261009

...............................................................  63 / 749 (  8%)
............................................................... 126 / 749 ( 16%)
............................................................... 189 / 749 ( 25%)
............................................................... 252 / 749 ( 33%)
............................................................... 315 / 749 ( 42%)
............................................................... 378 / 749 ( 50%)
............................................................... 441 / 749 ( 58%)
............................................................... 504 / 749 ( 67%)
..................................................\nA15 {"status":422,"collegamenti_cross_tenant":0}\n.\nA15 {"status":422,"collegamenti_cross_tenant":0}\n.\nA15 {"status":422,"collegamenti_cross_tenant":0}\n.\nA15 {"status":422,"collegamenti_cross_tenant":0}\n.\nA15 {"status":422,"collegamenti_cross_tenant":0}\n......\nA14 {"attivo":false,"reset_status":302,"autenticato":false,"access_status":302}\n... 567 / 749 ( 75%)
............................................................... 630 / 749 ( 84%)
............................................................... 693 / 749 ( 92%)
............................\nP1-A {"input":"31\/02\/2026","status":"NON_IMPORTABILE","date_preview":"31\/02\/2026","payload_date":null,"valid_count":0}
\nP1-A {"input":"29\/02\/2025","status":"NON_IMPORTABILE","date_preview":"29\/02\/2025","payload_date":null,"valid_count":0}
\nP1-A {"input":"12-31-1980","status":"NON_IMPORTABILE","date_preview":"12-31-1980","payload_date":null,"valid_count":0}
..
Conteggi preview/conferma {"stati":["DA_COMPLETARE"],"confirmable_rows":1,"valid_count":1,"payload_count":1}

Conteggi preview/conferma {"stati":["COMPLETO","DA_VERIFICARE","DA_COMPLETARE","NON_IMPORTABILE","ERRORE"],"confirmable_rows":3,"valid_count":3,"payload_count":3}
..\nP1-B {"status":"ERRORE","valid_count":0,"payloads":[]}
........................        749 / 749 (100%)

Time: 01:38.350, Memory: 108.50 MB

OK (749 tests, 8239 assertions)
Risorse temporanee fermate e rimosse: /private/tmp/schedine-test-yucxcvxc
