TEST isolato: /private/tmp/schedine-test-va9w6o2f; database=test_geo_235fc097e86a2f3d8ad18362d848acf4; MySQL pid=20250, porta=61405; HTTP pid=20258, porta=61406
PASS: identità processi/DB/HTTP, riconnessione e 23 rifiuti di override prima delle migrazioni.
PASS: build asset e verifica GEO immutabile nel checkout temporaneo.
PHPUnit 10.5.38 by Sebastian Bergmann and contributors.

Runtime:       PHP 8.3.33
Configuration: /private/tmp/schedine-test-va9w6o2f/checkout/phpunit.xml
Random Seed:   20261009

......................\nA15 {"status":422,"collegamenti_cross_tenant":0}\n.\nA15 {"status":422,"collegamenti_cross_tenant":0}\n.\nA15 {"status":422,"collegamenti_cross_tenant":0}\n.\nA15 {"status":422,"collegamenti_cross_tenant":0}\n.\nA15 {"status":422,"collegamenti_cross_tenant":0}\n.....................................  63 / 750 (  8%)
.......................\nA14 {"attivo":false,"reset_status":302,"autenticato":false,"access_status":302}\n........................................ 126 / 750 ( 16%)
............................................................... 189 / 750 ( 25%)
............................................................... 252 / 750 ( 33%)
............................................................... 315 / 750 ( 42%)
............................................................... 378 / 750 ( 50%)
............................................................... 441 / 750 ( 58%)
............................................................... 504 / 750 ( 67%)
............................................................... 567 / 750 ( 75%)
............................................................... 630 / 750 ( 84%)
............................................................... 693 / 750 ( 92%)
.............................\nP1-A {"input":"31\/02\/2026","status":"NON_IMPORTABILE","date_preview":"31\/02\/2026","payload_date":null,"valid_count":0}
\nP1-A {"input":"29\/02\/2025","status":"NON_IMPORTABILE","date_preview":"29\/02\/2025","payload_date":null,"valid_count":0}
\nP1-A {"input":"12-31-1980","status":"NON_IMPORTABILE","date_preview":"12-31-1980","payload_date":null,"valid_count":0}
..
Conteggi preview/conferma {"stati":["DA_COMPLETARE"],"confirmable_rows":1,"valid_count":1,"payload_count":1}

Conteggi preview/conferma {"stati":["COMPLETO","DA_VERIFICARE","DA_COMPLETARE","NON_IMPORTABILE","ERRORE"],"confirmable_rows":3,"valid_count":3,"payload_count":3}
..\nP1-B {"status":"ERRORE","valid_count":0,"payloads":[]}
........................       750 / 750 (100%)

Time: 01:36.252, Memory: 110.53 MB

OK (750 tests, 8252 assertions)
Risorse temporanee fermate e rimosse: /private/tmp/schedine-test-va9w6o2f
