TEST isolato: /private/tmp/schedine-test-xoa1aggr; database=test_geo_928d70f607d5cb05b01b61fa5f8f4e4e; MySQL pid=56396, porta=54185; HTTP pid=56403, porta=54186
PASS: identità processi/DB/HTTP, riconnessione e 23 rifiuti di override prima delle migrazioni.
PASS: build asset e verifica GEO immutabile nel checkout temporaneo.
PASS SOAP 200 and positive body never prove acceptance; no token/body leaves service
PASS verification is unknown and retains Test operation
PASS external constructor exception is contained
PASS SOAP call exceptions do not escape with their chain
PASS negative provider text is replaced with a fixed message
PASS simulation makes no SOAP calls and is never accepted
PASS nested and unexpected fields discarded; caller acceptance ignored
PASS allowed slots cannot carry arrays objects or arbitrary strings
PASS historical success never becomes accepted; history not rewritten
PASS receipt and tables cannot expose or persist unvalidated bodies
PASS actual persistence boundary projects injected provider material
PASS legacy handler aborts before any DB or storage dependency
PASS controller has no confirmed-send mutation for simulation or attempts
PASS view never presents legacy provider messages or success as acceptance
14 safety checks passed; in-memory doubles only

Running 1 test using 1 worker

  ✓  1 tests/Feature/dependency-assets.playwright.spec.js:3:1 › Asset corretti: dialogo operativo, date e evidenziazione in Chromium (3.3s)

  1 passed (5.3s)
Risorse temporanee fermate e rimosse: /private/tmp/schedine-test-xoa1aggr
