Installing dependencies from lock file (including require-dev)
Verifying lock file contents can be installed on current platform.
Package operations: 0 installs, 12 updates, 0 removals
  - Downloading symfony/http-foundation (v7.4.20)
  - Downloading guzzlehttp/psr7 (2.13.1)
  - Downloading guzzlehttp/promises (2.5.3)
  - Downloading guzzlehttp/guzzle (7.15.5)
  - Downloading symfony/routing (v7.4.20)
  - Downloading symfony/polyfill-intl-idn (v1.43.0)
  - Downloading symfony/mime (v7.4.19)
  - Downloading symfony/mailer (v7.4.19)
  - Downloading nesbot/carbon (3.14.2)
  - Downloading league/flysystem (3.36.0)
  - Downloading league/commonmark (2.10.3)
  - Downloading psy/psysh (v0.12.24)
  0/12 [>---------------------------]   0%
  4/12 [=========>------------------]  33%
 11/12 [=========================>--]  91%
 12/12 [============================] 100%
  - Upgrading symfony/http-foundation (v7.1.7 => v7.4.20): Extracting archive
  - Upgrading guzzlehttp/psr7 (2.7.0 => 2.13.1): Extracting archive
  - Upgrading guzzlehttp/promises (2.0.4 => 2.5.3): Extracting archive
  - Upgrading guzzlehttp/guzzle (7.9.2 => 7.15.5): Extracting archive
  - Upgrading symfony/routing (v7.1.6 => v7.4.20): Extracting archive
  - Upgrading symfony/polyfill-intl-idn (v1.31.0 => v1.43.0): Extracting archive
  - Upgrading symfony/mime (v7.1.6 => v7.4.19): Extracting archive
  - Upgrading symfony/mailer (v7.1.6 => v7.4.19): Extracting archive
  - Upgrading nesbot/carbon (3.8.2 => 3.14.2): Extracting archive
  - Upgrading league/flysystem (3.29.1 => 3.36.0): Extracting archive
  - Upgrading league/commonmark (2.5.3 => 2.10.3): Extracting archive
  - Upgrading psy/psysh (v0.12.4 => v0.12.24): Extracting archive
  0/12 [>---------------------------]   0%
  8/12 [==================>---------]  66%
  9/12 [=====================>------]  75%
 11/12 [=========================>--]  91%
 12/12 [============================] 100%
Generating optimized autoload files
Class SoapClient located in ./tests/Safety/questura_security.php does not comply with psr-4 autoloading standard (rule: Tests\ => ./tests). Skipping.
Class FakeSoapClient located in ./tests/Safety/questura_security.php does not comply with psr-4 autoloading standard (rule: Tests\ => ./tests). Skipping.
Class Carbon\Carbon located in ./tests/Safety/questura_security.php does not comply with psr-4 autoloading standard (rule: Tests\ => ./tests). Skipping.
Class Illuminate\Http\Request located in ./tests/Safety/questura_security.php does not comply with psr-4 autoloading standard (rule: Tests\ => ./tests). Skipping.
Class App\Http\Controllers\Controller located in ./tests/Safety/questura_security.php does not comply with psr-4 autoloading standard (rule: Tests\ => ./tests). Skipping.
Class App\Models\Struttura located in ./tests/Safety/questura_security.php does not comply with psr-4 autoloading standard (rule: Tests\ => ./tests). Skipping.
Class App\Models\QuesturaTransmission located in ./tests/Safety/questura_security.php does not comply with psr-4 autoloading standard (rule: Tests\ => ./tests). Skipping.
Class App\Services\QuesturaTxtExportService located in ./tests/Safety/questura_security.php does not comply with psr-4 autoloading standard (rule: Tests\ => ./tests). Skipping.
Class App\Services\QuesturaRetentionService located in ./tests/Safety/questura_security.php does not comply with psr-4 autoloading standard (rule: Tests\ => ./tests). Skipping.
Class App\Models\Struttura located in ./tests/Safety/istat_security.php does not comply with psr-4 autoloading standard (rule: Tests\ => ./tests). Skipping.
Class Carbon\Carbon located in ./tests/Safety/istat_security.php does not comply with psr-4 autoloading standard (rule: Tests\ => ./tests). Skipping.
Class App\Services\IstatTabellaAService located in ./tests/Safety/istat_security.php does not comply with psr-4 autoloading standard (rule: Tests\ => ./tests). Skipping.
Class Illuminate\Support\Facades\Http located in ./tests/Safety/istat_security.php does not comply with psr-4 autoloading standard (rule: Tests\ => ./tests). Skipping.
Class Tests\Feature\WebCheckinShortLinkTest located in ./tests/Diagnostics/token-precontratto-2026-10-09/WebCheckinShortLinkTest.php does not comply with psr-4 autoloading standard (rule: Tests\ => ./tests). Skipping.
Class Tests\Feature\CestinoSecurityTest located in ./tests/Diagnostics/token-precontratto-2026-10-09/CestinoSecurityTest.php does not comply with psr-4 autoloading standard (rule: Tests\ => ./tests). Skipping.
Class Tests\Feature\WebCheckinParentSecurityTest located in ./tests/Diagnostics/token-precontratto-2026-10-09/WebCheckinParentSecurityTest.php does not comply with psr-4 autoloading standard (rule: Tests\ => ./tests). Skipping.
Class Tests\Feature\WebCheckinGroupAtomicityTest located in ./tests/Diagnostics/token-precontratto-2026-10-09/WebCheckinGroupAtomicityTest.php does not comply with psr-4 autoloading standard (rule: Tests\ => ./tests). Skipping.
Class Tests\Feature\WebCheckinCameraIsolationTest located in ./tests/Diagnostics/token-precontratto-2026-10-09/WebCheckinCameraIsolationTest.php does not comply with psr-4 autoloading standard (rule: Tests\ => ./tests). Skipping.
Class Tests\Feature\WebCheckinFiscalContextTest located in ./tests/Diagnostics/token-precontratto-2026-10-09/WebCheckinFiscalContextTest.php does not comply with psr-4 autoloading standard (rule: Tests\ => ./tests). Skipping.
86 packages you are using are looking for funding.
Use the `composer fund` command to find out more!
