TEST isolato: /private/tmp/schedine-test-xt5mclzg; database=test_geo_0bf79558f50038a4a70cd3f5d1788ffc; MySQL pid=21022, porta=64492; HTTP pid=21029, porta=64493
PASS: identità processi/DB/HTTP, riconnessione e 23 rifiuti di override prima delle migrazioni.

> velzon@4.3.0 build
> npm run clean && vite build && npm run verify-architecture


> velzon@4.3.0 clean
> rimraf public/build

vite v5.2.8 building for production...
transforming...
✓ 139 modules transformed.
x Build failed in 719ms
error during build:
Error: [vite:css] Preprocessor dependency "sass" not found. Did you install it? Try `npm install -D sass`.
file: /private/tmp/schedine-test-xt5mclzg/checkout/resources/scss/bootstrap.scss
    at loadPreprocessorPath (file:///private/tmp/schedine-test-xt5mclzg/checkout/node_modules/vite/dist/node/chunks/dep-whKeNLxG.js:32677:19)
    at process (file:///private/tmp/schedine-test-xt5mclzg/checkout/node_modules/vite/dist/node/chunks/dep-whKeNLxG.js:32810:30)
    at compileCSSPreprocessors (file:///private/tmp/schedine-test-xt5mclzg/checkout/node_modules/vite/dist/node/chunks/dep-whKeNLxG.js:32115:36)
    at compileCSS (file:///private/tmp/schedine-test-xt5mclzg/checkout/node_modules/vite/dist/node/chunks/dep-whKeNLxG.js:32165:42)
    at async Object.transform (file:///private/tmp/schedine-test-xt5mclzg/checkout/node_modules/vite/dist/node/chunks/dep-whKeNLxG.js:31563:56)
    at async transform (file:///private/tmp/schedine-test-xt5mclzg/checkout/node_modules/rollup/dist/es/shared/node-entry.js:18513:16)
    at async ModuleLoader.addModuleSource (file:///private/tmp/schedine-test-xt5mclzg/checkout/node_modules/rollup/dist/es/shared/node-entry.js:18729:36)
npm notice
npm notice New minor version of npm available! 11.12.0 -> 11.21.0
npm notice Changelog: https://github.com/npm/cli/releases/tag/v11.21.0
npm notice To update run: npm install -g npm@11.21.0
npm notice
TEST interrotto senza fallback: build fallito: 1
mysql-error.log:
2026-10-09T16:23:23.670321Z 0 [System] [MY-013169] [Server] /Users/Shared/Herd/services/mysql/8.0.36/bin/mysqld (mysqld 8.0.36) initializing of server in progress as process 21021
2026-10-09T16:23:23.682347Z 0 [Warning] [MY-010159] [Server] Setting lower_case_table_names=2 because file system for /private/tmp/schedine-test-xt5mclzg/mysql-data/ is case insensitive
2026-10-09T16:23:23.702269Z 1 [System] [MY-013576] [InnoDB] InnoDB initialization has started.
2026-10-09T16:23:23.798368Z 1 [System] [MY-013577] [InnoDB] InnoDB initialization has ended.
2026-10-09T16:23:24.591070Z 5 [Warning] [MY-010453] [Server] root@localhost is created with an empty password ! Please consider switching off the --initialize-insecure option.
2026-10-09T16:23:25.213108Z 0 [System] [MY-013172] [Server] Received SHUTDOWN from user <via user signal>. Shutting down mysqld (Version: 8.0.36).
2026-10-09T16:23:26.160350Z 0 [Warning] [MY-010101] [Server] Insecure configuration for --secure-file-priv: Location is accessible to all OS users. Consider choosing a different directory.
2026-10-09T16:23:26.160441Z 0 [System] [MY-010116] [Server] /Users/Shared/Herd/services/mysql/8.0.36/bin/mysqld (mysqld 8.0.36) starting as process 21022
2026-10-09T16:23:26.162694Z 0 [Warning] [MY-010159] [Server] Setting lower_case_table_names=2 because file system for /private/tmp/schedine-test-xt5mclzg/mysql-data/ is case insensitive
2026-10-09T16:23:26.182060Z 1 [System] [MY-013576] [InnoDB] InnoDB initialization has started.
2026-10-09T16:23:26.218320Z 1 [System] [MY-013577] [InnoDB] InnoDB initialization has ended.
2026-10-09T16:23:26.309965Z 0 [Warning] [MY-010068] [Server] CA certificate ca.pem is self signed.
2026-10-09T16:23:26.309988Z 0 [System] [MY-013602] [Server] Channel mysql_main configured to support TLS. Encrypted connections are now supported for this channel.
2026-10-09T16:23:26.312687Z 0 [Warning] [MY-011810] [Server] Insecure configuration for --pid-file: Location '/private/tmp' in the path is accessible to all OS users. Consider choosing a different directory.
2026-10-09T16:23:26.320183Z 0 [System] [MY-010931] [Server] /Users/Shared/Herd/services/mysql/8.0.36/bin/mysqld: ready for connections. Version: '8.0.36'  socket: '/private/tmp/schedine-test-xt5mclzg/mysql.sock'  port: 64492  MySQL Community Server - GPL.

http.log:
[Fri Oct  9 18:23:26 2026] PHP 8.3.33 Development Server (http://127.0.0.1:64493) started
[Fri Oct  9 18:23:26 2026] 127.0.0.1:64526 Accepted
[Fri Oct  9 18:23:26 2026] 127.0.0.1:64526 Closed without sending a request; it was probably just an unused speculative preconnection
[Fri Oct  9 18:23:26 2026] 127.0.0.1:64526 Closing
[Fri Oct  9 18:23:26 2026] 127.0.0.1:64535 Accepted
[Fri Oct  9 18:23:26 2026] 127.0.0.1:64535 Closing

Risorse temporanee fermate e rimosse: /private/tmp/schedine-test-xt5mclzg
