test_actual_cache_clear_failures_are_nonzero (test_deploy_guards.ArtisanIntegrationTests.test_actual_cache_clear_failures_are_nonzero) ... ok
test_actual_cache_writes_fail_on_readonly_runtime (test_deploy_guards.ArtisanIntegrationTests.test_actual_cache_writes_fail_on_readonly_runtime) ... ok
test_actual_individual_cache_commands (test_deploy_guards.ArtisanIntegrationTests.test_actual_individual_cache_commands) ... ok
test_all_environment_path_overrides_blocked (test_deploy_guards.ArtisanIntegrationTests.test_all_environment_path_overrides_blocked) ... ok
test_cached_config_cannot_hide_unsafe_raw_config (test_deploy_guards.ArtisanIntegrationTests.test_cached_config_cannot_hide_unsafe_raw_config) ... ok
test_configured_app_key_cannot_diverge_from_dotenv (test_deploy_guards.ArtisanIntegrationTests.test_configured_app_key_cannot_diverge_from_dotenv) ... ok
test_each_configurable_runtime_path_is_restricted (test_deploy_guards.ArtisanIntegrationTests.test_each_configurable_runtime_path_is_restricted) ... ok
test_internal_cache_write_failure_is_nonzero (test_deploy_guards.ArtisanIntegrationTests.test_internal_cache_write_failure_is_nonzero) ... ok
test_internal_view_compilation_failure_is_nonzero (test_deploy_guards.ArtisanIntegrationTests.test_internal_view_compilation_failure_is_nonzero) ... ok
test_storage_link_real_command_and_exact_target (test_deploy_guards.ArtisanIntegrationTests.test_storage_link_real_command_and_exact_target) ... ok
test_unapproved_framework_versions_are_rejected (test_deploy_guards.ArtisanIntegrationTests.test_unapproved_framework_versions_are_rejected) ... ok
test_view_compiled_path_cannot_delete_persistent_data (test_deploy_guards.ArtisanIntegrationTests.test_view_compiled_path_cannot_delete_persistent_data) ... ok
test_env_change_during_exit_cleanup_is_critical_and_closes_site (test_deploy_guards.EnvironmentTests.test_env_change_during_exit_cleanup_is_critical_and_closes_site) ... ok
test_every_env_mutation_is_critical (test_deploy_guards.EnvironmentTests.test_every_env_mutation_is_critical) ... ok
test_exit_detects_env_change_before_maintenance (test_deploy_guards.EnvironmentTests.test_exit_detects_env_change_before_maintenance) ... ok
test_failing_project_command_cannot_hide_env_change (test_deploy_guards.EnvironmentTests.test_failing_project_command_cannot_hide_env_change) ... ok
test_literal_key_required (test_deploy_guards.EnvironmentTests.test_literal_key_required) ... ok
test_success_exit_rechecks_env_and_releases_lock (test_deploy_guards.EnvironmentTests.test_success_exit_rechecks_env_and_releases_lock) ... ok
test_symlink_and_hardlink_env_rejected (test_deploy_guards.EnvironmentTests.test_symlink_and_hardlink_env_rejected) ... ok
test_bad_assets_rejected (test_deploy_guards.ExecutionTests.test_bad_assets_rejected) ... ok
test_build_pipeline_changes_blocked_before_execution (test_deploy_guards.ExecutionTests.test_build_pipeline_changes_blocked_before_execution) ... ok
test_complete_sequence_and_isolated_snapshot_recovery (test_deploy_guards.ExecutionTests.test_complete_sequence_and_isolated_snapshot_recovery) ... ok
test_composer_installation_paths_restricted (test_deploy_guards.ExecutionTests.test_composer_installation_paths_restricted) ... ok
test_each_deployment_stage_failure_retains_guard (test_deploy_guards.ExecutionTests.test_each_deployment_stage_failure_retains_guard) ... ok
test_every_cache_failure_stops_the_sequence (test_deploy_guards.ExecutionTests.test_every_cache_failure_stops_the_sequence) ... ok
test_https_errors_and_wrong_status_propagate (test_deploy_guards.ExecutionTests.test_https_errors_and_wrong_status_propagate) ... ok
test_migrations_require_explicit_authorization (test_deploy_guards.ExecutionTests.test_migrations_require_explicit_authorization) ... ok
test_nonzero_commands_and_timeouts_propagate (test_deploy_guards.ExecutionTests.test_nonzero_commands_and_timeouts_propagate) ... ok
test_candidate_git_failures_propagate (test_deploy_guards.GitTests.test_candidate_git_failures_propagate) ... ok
test_clean_and_dirty (test_deploy_guards.GitTests.test_clean_and_dirty) ... ok
test_env_added_rejected (test_deploy_guards.GitTests.test_env_added_rejected) ... ok
test_existing_migration_change_rejected (test_deploy_guards.GitTests.test_existing_migration_change_rejected) ... ok
test_git_errors_never_become_clean (test_deploy_guards.GitTests.test_git_errors_never_become_clean) ... ok
test_move_into_public_images_rejected (test_deploy_guards.GitTests.test_move_into_public_images_rejected) ... ok
test_move_into_storage_app_rejected (test_deploy_guards.GitTests.test_move_into_storage_app_rejected) ... ok
test_move_out_of_public_images_rejected (test_deploy_guards.GitTests.test_move_out_of_public_images_rejected) ... ok
test_move_out_of_storage_app_rejected (test_deploy_guards.GitTests.test_move_out_of_storage_app_rejected) ... ok
test_new_migration_allowed_for_review (test_deploy_guards.GitTests.test_new_migration_allowed_for_review) ... ok
test_persistent_deletion_rejected (test_deploy_guards.GitTests.test_persistent_deletion_rejected) ... ok
test_regular_fast_forward_allowed (test_deploy_guards.GitTests.test_regular_fast_forward_allowed) ... ok
test_untracked_and_hidden_index_flags (test_deploy_guards.GitTests.test_untracked_and_hidden_index_flags) ... ok
test_altered_index_rejected_before_maintenance (test_deploy_guards.MaintenanceTests.test_altered_index_rejected_before_maintenance) ... ok
test_before_maintenance_failure_keeps_original_site (test_deploy_guards.MaintenanceTests.test_before_maintenance_failure_keeps_original_site) ... ok
test_cleanup_failure_after_open_recloses_site (test_deploy_guards.MaintenanceTests.test_cleanup_failure_after_open_recloses_site) ... ok
test_failed_child_cleanup_does_not_claim_safe_state (test_deploy_guards.MaintenanceTests.test_failed_child_cleanup_does_not_claim_safe_state) ... ok
test_failed_recovery_never_claims_maintenance (test_deploy_guards.MaintenanceTests.test_failed_recovery_never_claims_maintenance) ... ok
test_failure_after_open_reinstates_verified_guard (test_deploy_guards.MaintenanceTests.test_failure_after_open_reinstates_verified_guard) ... ok
test_malformed_cookie_still_returns_503 (test_deploy_guards.MaintenanceTests.test_malformed_cookie_still_returns_503) ... ok
test_only_signed_cookie_bypasses_guard (test_deploy_guards.MaintenanceTests.test_only_signed_cookie_bypasses_guard) ... ok
test_partial_down_file_failure_keeps_static_guard (test_deploy_guards.MaintenanceTests.test_partial_down_file_failure_keeps_static_guard) ... ok
test_real_http_503_headers_without_vendor (test_deploy_guards.MaintenanceTests.test_real_http_503_headers_without_vendor) ... ok
test_static_503_with_broken_vendor (test_deploy_guards.MaintenanceTests.test_static_503_with_broken_vendor) ... ok
test_static_503_without_vendor_or_bootstrap (test_deploy_guards.MaintenanceTests.test_static_503_without_vendor_or_bootstrap) ... ok
test_all_project_php_calls_disable_cli_opcache (test_deploy_guards.PHPCliTests.test_all_project_php_calls_disable_cli_opcache) ... ok
test_conflicting_cli_flags_and_no_ini_rejected (test_deploy_guards.PHPCliTests.test_conflicting_cli_flags_and_no_ini_rejected) ... ok
test_version_gate_is_exact_and_no_other_validator_removed (test_deploy_guards.PHPCliTests.test_version_gate_is_exact_and_no_other_validator_removed) ... ok
test_indirect_storage_link_is_rejected (test_deploy_guards.PathTests.test_indirect_storage_link_is_rejected) ... ok
test_permissions_do_not_touch_persistent_files (test_deploy_guards.PathTests.test_permissions_do_not_touch_persistent_files) ... ok
test_provider_manifest_symlink_rejected (test_deploy_guards.PathTests.test_provider_manifest_symlink_rejected) ... ok
test_provider_manifests_only_are_removed (test_deploy_guards.PathTests.test_provider_manifests_only_are_removed) ... ok
test_runtime_hardlink_rejected (test_deploy_guards.PathTests.test_runtime_hardlink_rejected) ... ok
test_runtime_symlink_rejected (test_deploy_guards.PathTests.test_runtime_symlink_rejected) ... ok
test_storage_link_postcondition (test_deploy_guards.PathTests.test_storage_link_postcondition) ... ok
test_walk_error_is_failure (test_deploy_guards.PathTests.test_walk_error_is_failure) ... ok
test_world_writable_directory_rejected (test_deploy_guards.PathTests.test_world_writable_directory_rejected) ... ok
test_detached_daemon_is_reaped (test_deploy_guards.ProcessTests.test_detached_daemon_is_reaped) ... ok
test_lock_exclusion_and_release (test_deploy_guards.ProcessTests.test_lock_exclusion_and_release) ... ok
test_sigkill_cannot_leave_lock_inherited_by_child (test_deploy_guards.ProcessTests.test_sigkill_cannot_leave_lock_inherited_by_child) ... ok
test_signals_reap_detached_descendants_ignoring_term (test_deploy_guards.ProcessTests.test_signals_reap_detached_descendants_ignoring_term) ... ok
test_signals_stop_child_release_lock_and_retain_guard (test_deploy_guards.ProcessTests.test_signals_stop_child_release_lock_and_retain_guard) ... ok
test_subprocess_does_not_inherit_lock_descriptor (test_deploy_guards.ProcessTests.test_subprocess_does_not_inherit_lock_descriptor) ... ok

----------------------------------------------------------------------
Ran 71 tests in 10.137s

OK
