TEST isolato: /private/tmp/schedine-test-1pzurde1; database=test_geo_fa4f102fdfd478bde86c4a4e07e1d5c4; MySQL pid=1029, porta=62348; HTTP pid=1036, porta=62349
PASS: identità processi/DB/HTTP, riconnessione e 23 rifiuti di override prima delle migrazioni.
PASS: build asset e verifica GEO immutabile nel checkout temporaneo.
PHPUnit 10.5.38 by Sebastian Bergmann and contributors.

Runtime:       PHP 8.3.33
Configuration: /private/tmp/schedine-test-1pzurde1/checkout/phpunit.xml

E                                                                   1 / 1 (100%)

Time: 00:04.386, Memory: 42.50 MB

There was 1 error:

1) Tests\Feature\Ross1000BackupRestoreAudit::test_backup_upgrade_mirato_e_recupero_integrale_preservano_dati_e_credenziali_sintetiche
Illuminate\Database\QueryException: SQLSTATE[22001]: String data, right truncated: 1406 Data too long for column 'istat_password' at row 1 (Connection: mysql, SQL: update `struttura` set `istat_password` = eyJpdiI6IlNUTmFFd21CcWJoZW02eWJhcmdlemc9PSIsInZhbHVlIjoiYzZNWmpXMVp2N1J4a3pENjRoeW1QQkNaTTluTEljenAwT1BIbnRhSnZvdz0iLCJtYWMiOiI1MmY1Y2NiNzJiMTk1M2IxNzcyY2U2MzIyMWM1NmQ2NjJmMTJhZTNjMjQ1YjdkNDY4YjI4ZTQ1MjUwOWUzNGY4IiwidGFnIjoiIn0= where `id` = 2)


Caused by
PDOException: SQLSTATE[22001]: String data, right truncated: 1406 Data too long for column 'istat_password' at row 1


ERRORS!
Tests: 1, Assertions: 6, Errors: 1.
TEST interrotto senza fallback: phpunit-1 fallito: 2
mysql-error.log:
2026-10-09T17:17:29.241472Z 0 [System] [MY-013169] [Server] /Users/Shared/Herd/services/mysql/8.0.36/bin/mysqld (mysqld 8.0.36) initializing of server in progress as process 1024
2026-10-09T17:17:29.250224Z 0 [Warning] [MY-010159] [Server] Setting lower_case_table_names=2 because file system for /private/tmp/schedine-test-1pzurde1/mysql-data/ is case insensitive
2026-10-09T17:17:29.273251Z 1 [System] [MY-013576] [InnoDB] InnoDB initialization has started.
2026-10-09T17:17:29.363698Z 1 [System] [MY-013577] [InnoDB] InnoDB initialization has ended.
2026-10-09T17:17:30.222568Z 5 [Warning] [MY-010453] [Server] root@localhost is created with an empty password ! Please consider switching off the --initialize-insecure option.
2026-10-09T17:17:30.578485Z 0 [System] [MY-013172] [Server] Received SHUTDOWN from user <via user signal>. Shutting down mysqld (Version: 8.0.36).
2026-10-09T17:17:31.759830Z 0 [Warning] [MY-010101] [Server] Insecure configuration for --secure-file-priv: Location is accessible to all OS users. Consider choosing a different directory.
2026-10-09T17:17:31.760130Z 0 [System] [MY-010116] [Server] /Users/Shared/Herd/services/mysql/8.0.36/bin/mysqld (mysqld 8.0.36) starting as process 1029
2026-10-09T17:17:31.764136Z 0 [Warning] [MY-010159] [Server] Setting lower_case_table_names=2 because file system for /private/tmp/schedine-test-1pzurde1/mysql-data/ is case insensitive
2026-10-09T17:17:31.767046Z 1 [System] [MY-013576] [InnoDB] InnoDB initialization has started.
2026-10-09T17:17:31.802341Z 1 [System] [MY-013577] [InnoDB] InnoDB initialization has ended.
2026-10-09T17:17:31.876139Z 0 [Warning] [MY-010068] [Server] CA certificate ca.pem is self signed.
2026-10-09T17:17:31.876164Z 0 [System] [MY-013602] [Server] Channel mysql_main configured to support TLS. Encrypted connections are now supported for this channel.
2026-10-09T17:17:31.878358Z 0 [Warning] [MY-011810] [Server] Insecure configuration for --pid-file: Location '/private/tmp' in the path is accessible to all OS users. Consider choosing a different directory.
2026-10-09T17:17:31.884776Z 0 [System] [MY-010931] [Server] /Users/Shared/Herd/services/mysql/8.0.36/bin/mysqld: ready for connections. Version: '8.0.36'  socket: '/private/tmp/schedine-test-1pzurde1/mysql.sock'  port: 62348  MySQL Community Server - GPL.

http.log:
[Fri Oct  9 19:17:32 2026] PHP 8.3.33 Development Server (http://127.0.0.1:62349) started
[Fri Oct  9 19:17:32 2026] 127.0.0.1:62366 Accepted
[Fri Oct  9 19:17:32 2026] 127.0.0.1:62366 Closed without sending a request; it was probably just an unused speculative preconnection
[Fri Oct  9 19:17:32 2026] 127.0.0.1:62366 Closing
[Fri Oct  9 19:17:32 2026] 127.0.0.1:62376 Accepted
[Fri Oct  9 19:17:32 2026] 127.0.0.1:62376 Closing

Risorse temporanee fermate e rimosse: /private/tmp/schedine-test-1pzurde1
