TEST isolato: /private/tmp/schedine-test-0imwe65j; database=test_geo_59334b1750b9505f20086963a88c3f8f; MySQL pid=1392, porta=62403; HTTP pid=1403, porta=62404
PASS: identità processi/DB/HTTP, riconnessione e 23 rifiuti di override prima delle migrazioni.
PASS: build asset e verifica GEO immutabile nel checkout temporaneo.
PHPUnit 10.5.38 by Sebastian Bergmann and contributors.

Runtime:       PHP 8.3.33
Configuration: /private/tmp/schedine-test-0imwe65j/checkout/phpunit.xml

E                                                                   1 / 1 (100%)

Time: 00:03.883, Memory: 42.50 MB

There was 1 error:

1) Tests\Feature\Ross1000BackupRestoreAudit::test_backup_upgrade_mirato_e_recupero_integrale_preservano_dati_e_credenziali_sintetiche
Illuminate\Database\QueryException: SQLSTATE[22001]: String data, right truncated: 1406 Data too long for column 'istat_password' at row 1 (Connection: mysql, SQL: update `struttura` set `istat_password` = eyJpdiI6Ik03b3JyVzdIbFdmLyszWlRHU0psd2c9PSIsInZhbHVlIjoiL2JROEtaSXc0dHd4OHoreTQycjgrdz09IiwibWFjIjoiMjZmZDg3NTM2OWI5ZDQwMzBmNGQ5Zjk3MTgyN2MwZTEyYmNjODdjNDBlYThmMTY5ZTY3Mzc1YjdjYTI5NGRhZCIsInRhZyI6IiJ9 where `id` = 2)


Caused by
PDOException: SQLSTATE[22001]: String data, right truncated: 1406 Data too long for column 'istat_password' at row 1


ERRORS!
Tests: 1, Assertions: 6, Errors: 1.
TEST interrotto senza fallback: phpunit-1 fallito: 2
mysql-error.log:
2026-10-09T17:19:18.448341Z 0 [System] [MY-013169] [Server] /Users/Shared/Herd/services/mysql/8.0.36/bin/mysqld (mysqld 8.0.36) initializing of server in progress as process 1391
2026-10-09T17:19:18.456208Z 0 [Warning] [MY-010159] [Server] Setting lower_case_table_names=2 because file system for /private/tmp/schedine-test-0imwe65j/mysql-data/ is case insensitive
2026-10-09T17:19:18.471090Z 1 [System] [MY-013576] [InnoDB] InnoDB initialization has started.
2026-10-09T17:19:18.569485Z 1 [System] [MY-013577] [InnoDB] InnoDB initialization has ended.
2026-10-09T17:19:19.310427Z 5 [Warning] [MY-010453] [Server] root@localhost is created with an empty password ! Please consider switching off the --initialize-insecure option.
2026-10-09T17:19:19.646871Z 0 [System] [MY-013172] [Server] Received SHUTDOWN from user <via user signal>. Shutting down mysqld (Version: 8.0.36).
2026-10-09T17:19:20.116235Z 0 [Warning] [MY-010101] [Server] Insecure configuration for --secure-file-priv: Location is accessible to all OS users. Consider choosing a different directory.
2026-10-09T17:19:20.116335Z 0 [System] [MY-010116] [Server] /Users/Shared/Herd/services/mysql/8.0.36/bin/mysqld (mysqld 8.0.36) starting as process 1392
2026-10-09T17:19:20.118633Z 0 [Warning] [MY-010159] [Server] Setting lower_case_table_names=2 because file system for /private/tmp/schedine-test-0imwe65j/mysql-data/ is case insensitive
2026-10-09T17:19:20.122175Z 1 [System] [MY-013576] [InnoDB] InnoDB initialization has started.
2026-10-09T17:19:20.169051Z 1 [System] [MY-013577] [InnoDB] InnoDB initialization has ended.
2026-10-09T17:19:20.250736Z 0 [Warning] [MY-010068] [Server] CA certificate ca.pem is self signed.
2026-10-09T17:19:20.250757Z 0 [System] [MY-013602] [Server] Channel mysql_main configured to support TLS. Encrypted connections are now supported for this channel.
2026-10-09T17:19:20.253229Z 0 [Warning] [MY-011810] [Server] Insecure configuration for --pid-file: Location '/private/tmp' in the path is accessible to all OS users. Consider choosing a different directory.
2026-10-09T17:19:20.260064Z 0 [System] [MY-010931] [Server] /Users/Shared/Herd/services/mysql/8.0.36/bin/mysqld: ready for connections. Version: '8.0.36'  socket: '/private/tmp/schedine-test-0imwe65j/mysql.sock'  port: 62403  MySQL Community Server - GPL.

http.log:
[Fri Oct  9 19:19:20 2026] PHP 8.3.33 Development Server (http://127.0.0.1:62404) started
[Fri Oct  9 19:19:20 2026] 127.0.0.1:62416 Accepted
[Fri Oct  9 19:19:20 2026] 127.0.0.1:62416 Closed without sending a request; it was probably just an unused speculative preconnection
[Fri Oct  9 19:19:20 2026] 127.0.0.1:62416 Closing
[Fri Oct  9 19:19:20 2026] 127.0.0.1:62425 Accepted
[Fri Oct  9 19:19:20 2026] 127.0.0.1:62425 Closing

Risorse temporanee fermate e rimosse: /private/tmp/schedine-test-0imwe65j
