TEST isolato: /private/tmp/schedine-test-q0fxmtuh; database=test_geo_e4f614476b12afd5fd86b21432a66f17; MySQL pid=12318, porta=62289; HTTP pid=12325, porta=62290
PASS: identità processi/DB/HTTP, riconnessione e 23 rifiuti di override prima delle migrazioni.
PASS: build asset e verifica GEO immutabile nel checkout temporaneo.
PHPUnit 10.5.38 by Sebastian Bergmann and contributors.

Runtime:       PHP 8.3.33
Configuration: /private/tmp/schedine-test-q0fxmtuh/checkout/phpunit.xml

.F..............................................................  64 / 64 (100%)

Time: 00:12.674, Memory: 68.50 MB

There was 1 failure:

1) Tests\Feature\DependencyMitigationAudit::test_debug_disattivato_non_espone_tracce_e_mail_resta_intercettata
Expected response status code [404] but received 302.
Failed asserting that 302 is identical to 404.


FAILURES!
Tests: 64, Assertions: 400, Failures: 1.
TEST interrotto senza fallback: phpunit-1 fallito: 1
mysql-error.log:
2026-10-09T15:57:28.764116Z 0 [System] [MY-013169] [Server] /Users/Shared/Herd/services/mysql/8.0.36/bin/mysqld (mysqld 8.0.36) initializing of server in progress as process 12310
2026-10-09T15:57:28.773507Z 0 [Warning] [MY-010159] [Server] Setting lower_case_table_names=2 because file system for /private/tmp/schedine-test-q0fxmtuh/mysql-data/ is case insensitive
2026-10-09T15:57:28.789277Z 1 [System] [MY-013576] [InnoDB] InnoDB initialization has started.
2026-10-09T15:57:28.872333Z 1 [System] [MY-013577] [InnoDB] InnoDB initialization has ended.
2026-10-09T15:57:29.507995Z 5 [Warning] [MY-010453] [Server] root@localhost is created with an empty password ! Please consider switching off the --initialize-insecure option.
2026-10-09T15:57:29.831336Z 0 [System] [MY-013172] [Server] Received SHUTDOWN from user <via user signal>. Shutting down mysqld (Version: 8.0.36).
2026-10-09T15:57:30.461020Z 0 [Warning] [MY-010101] [Server] Insecure configuration for --secure-file-priv: Location is accessible to all OS users. Consider choosing a different directory.
2026-10-09T15:57:30.461241Z 0 [System] [MY-010116] [Server] /Users/Shared/Herd/services/mysql/8.0.36/bin/mysqld (mysqld 8.0.36) starting as process 12318
2026-10-09T15:57:30.463660Z 0 [Warning] [MY-010159] [Server] Setting lower_case_table_names=2 because file system for /private/tmp/schedine-test-q0fxmtuh/mysql-data/ is case insensitive
2026-10-09T15:57:30.468313Z 1 [System] [MY-013576] [InnoDB] InnoDB initialization has started.
2026-10-09T15:57:30.512278Z 1 [System] [MY-013577] [InnoDB] InnoDB initialization has ended.
2026-10-09T15:57:30.643969Z 0 [Warning] [MY-010068] [Server] CA certificate ca.pem is self signed.
2026-10-09T15:57:30.643990Z 0 [System] [MY-013602] [Server] Channel mysql_main configured to support TLS. Encrypted connections are now supported for this channel.
2026-10-09T15:57:30.646434Z 0 [Warning] [MY-011810] [Server] Insecure configuration for --pid-file: Location '/private/tmp' in the path is accessible to all OS users. Consider choosing a different directory.
2026-10-09T15:57:30.655021Z 0 [System] [MY-010931] [Server] /Users/Shared/Herd/services/mysql/8.0.36/bin/mysqld: ready for connections. Version: '8.0.36'  socket: '/private/tmp/schedine-test-q0fxmtuh/mysql.sock'  port: 62289  MySQL Community Server - GPL.

http.log:
[Fri Oct  9 17:57:30 2026] PHP 8.3.33 Development Server (http://127.0.0.1:62290) started
[Fri Oct  9 17:57:31 2026] 127.0.0.1:62317 Accepted
[Fri Oct  9 17:57:31 2026] 127.0.0.1:62317 Closed without sending a request; it was probably just an unused speculative preconnection
[Fri Oct  9 17:57:31 2026] 127.0.0.1:62317 Closing
[Fri Oct  9 17:57:31 2026] 127.0.0.1:62326 Accepted
[Fri Oct  9 17:57:31 2026] 127.0.0.1:62326 Closing

Risorse temporanee fermate e rimosse: /private/tmp/schedine-test-q0fxmtuh
