TEST isolato: /private/tmp/schedine-test-lz0j2t6t; database=test_geo_8f7259e5c6772b93610dff808e18fcb8; MySQL pid=12058, porta=62239; HTTP pid=12065, porta=62240
PASS: identità processi/DB/HTTP, riconnessione e 23 rifiuti di override prima delle migrazioni.
PASS: build asset e verifica GEO immutabile nel checkout temporaneo.

Fatal error: Trait "Tests\Support\StrutturaFixtures" not found in /private/tmp/schedine-test-lz0j2t6t/checkout/tests/Isolation/ross1000-navigation-fixtures.php on line 2
TEST interrotto senza fallback: Command '['php', 'tests/Isolation/ross1000-navigation-fixtures.php']' returned non-zero exit status 255.
mysql-error.log:
2026-10-09T15:56:29.946982Z 0 [System] [MY-013169] [Server] /Users/Shared/Herd/services/mysql/8.0.36/bin/mysqld (mysqld 8.0.36) initializing of server in progress as process 12057
2026-10-09T15:56:29.955421Z 0 [Warning] [MY-010159] [Server] Setting lower_case_table_names=2 because file system for /private/tmp/schedine-test-lz0j2t6t/mysql-data/ is case insensitive
2026-10-09T15:56:29.970614Z 1 [System] [MY-013576] [InnoDB] InnoDB initialization has started.
2026-10-09T15:56:30.331002Z 1 [System] [MY-013577] [InnoDB] InnoDB initialization has ended.
2026-10-09T15:56:31.089513Z 5 [Warning] [MY-010453] [Server] root@localhost is created with an empty password ! Please consider switching off the --initialize-insecure option.
2026-10-09T15:56:31.417042Z 0 [System] [MY-013172] [Server] Received SHUTDOWN from user <via user signal>. Shutting down mysqld (Version: 8.0.36).
2026-10-09T15:56:32.676869Z 0 [Warning] [MY-010101] [Server] Insecure configuration for --secure-file-priv: Location is accessible to all OS users. Consider choosing a different directory.
2026-10-09T15:56:32.676931Z 0 [System] [MY-010116] [Server] /Users/Shared/Herd/services/mysql/8.0.36/bin/mysqld (mysqld 8.0.36) starting as process 12058
2026-10-09T15:56:32.679323Z 0 [Warning] [MY-010159] [Server] Setting lower_case_table_names=2 because file system for /private/tmp/schedine-test-lz0j2t6t/mysql-data/ is case insensitive
2026-10-09T15:56:32.684188Z 1 [System] [MY-013576] [InnoDB] InnoDB initialization has started.
2026-10-09T15:56:32.723391Z 1 [System] [MY-013577] [InnoDB] InnoDB initialization has ended.
2026-10-09T15:56:32.796919Z 0 [Warning] [MY-010068] [Server] CA certificate ca.pem is self signed.
2026-10-09T15:56:32.796942Z 0 [System] [MY-013602] [Server] Channel mysql_main configured to support TLS. Encrypted connections are now supported for this channel.
2026-10-09T15:56:32.799406Z 0 [Warning] [MY-011810] [Server] Insecure configuration for --pid-file: Location '/private/tmp' in the path is accessible to all OS users. Consider choosing a different directory.
2026-10-09T15:56:32.808377Z 0 [System] [MY-010931] [Server] /Users/Shared/Herd/services/mysql/8.0.36/bin/mysqld: ready for connections. Version: '8.0.36'  socket: '/private/tmp/schedine-test-lz0j2t6t/mysql.sock'  port: 62239  MySQL Community Server - GPL.

http.log:
[Fri Oct  9 17:56:33 2026] PHP 8.3.33 Development Server (http://127.0.0.1:62240) started
[Fri Oct  9 17:56:33 2026] 127.0.0.1:62253 Accepted
[Fri Oct  9 17:56:33 2026] 127.0.0.1:62253 Closed without sending a request; it was probably just an unused speculative preconnection
[Fri Oct  9 17:56:33 2026] 127.0.0.1:62253 Closing
[Fri Oct  9 17:56:33 2026] 127.0.0.1:62262 Accepted
[Fri Oct  9 17:56:33 2026] 127.0.0.1:62262 Closing

Risorse temporanee fermate e rimosse: /private/tmp/schedine-test-lz0j2t6t
